../winc1500/spi_flash/source/spi_flash.c:84:14:spi_flash_read_status_reg	24	static
../winc1500/spi_flash/source/spi_flash.c:217:14:spi_flash_load_to_cortus_mem	40	static
../winc1500/spi_flash/source/spi_flash.c:255:14:spi_flash_sector_erase	32	static
../winc1500/spi_flash/source/spi_flash.c:289:14:spi_flash_write_enable	16	static
../winc1500/spi_flash/source/spi_flash.c:319:14:spi_flash_write_disable	16	static
../winc1500/spi_flash/source/spi_flash.c:354:14:spi_flash_page_program	40	static
../winc1500/spi_flash/source/spi_flash.c:393:14:spi_flash_read_internal	32	static
../winc1500/spi_flash/source/spi_flash.c:417:14:spi_flash_pp	32	static
../winc1500/spi_flash/source/spi_flash.c:443:15:spi_flash_rdid	24	static
../winc1500/spi_flash/source/spi_flash.c:492:13:spi_flash_enter_low_power_mode	16	static
../winc1500/spi_flash/source/spi_flash.c:507:13:spi_flash_leave_low_power_mode	16	static
../winc1500/spi_flash/source/spi_flash.c:529:7:spi_flash_enable	24	static
../winc1500/spi_flash/source/spi_flash.c:570:7:spi_flash_read	32	static
../winc1500/spi_flash/source/spi_flash.c:604:7:spi_flash_write	40	static
../winc1500/spi_flash/source/spi_flash.c:681:7:spi_flash_erase	24	static
../winc1500/spi_flash/source/spi_flash.c:719:8:spi_flash_get_size	16	static
