Archive member included to satisfy reference by file (symbol)

C:/ST/STM32CubeIDE_1.12.1/STM32CubeIDE/plugins/com.st.stm32cube.ide.mcu.externaltools.gnu-tools-for-stm32.13.3.rel1.win32_1.0.0.202411081344/tools/bin/../lib/gcc/arm-none-eabi/13.3.1/../../../../arm-none-eabi/lib/thumb/v8-m.main+fp/hard\libc_nano.a(libc_a-exit.o)
                              C:/ST/STM32CubeIDE_1.12.1/STM32CubeIDE/plugins/com.st.stm32cube.ide.mcu.externaltools.gnu-tools-for-stm32.13.3.rel1.win32_1.0.0.202411081344/tools/bin/../lib/gcc/arm-none-eabi/13.3.1/../../../../arm-none-eabi/lib/thumb/v8-m.main+fp/hard/crt0.o (exit)
C:/ST/STM32CubeIDE_1.12.1/STM32CubeIDE/plugins/com.st.stm32cube.ide.mcu.externaltools.gnu-tools-for-stm32.13.3.rel1.win32_1.0.0.202411081344/tools/bin/../lib/gcc/arm-none-eabi/13.3.1/../../../../arm-none-eabi/lib/thumb/v8-m.main+fp/hard\libc_nano.a(libc_a-malloc.o)
                              ./winc1500/driver/source/m2m_wifi.o (malloc)
C:/ST/STM32CubeIDE_1.12.1/STM32CubeIDE/plugins/com.st.stm32cube.ide.mcu.externaltools.gnu-tools-for-stm32.13.3.rel1.win32_1.0.0.202411081344/tools/bin/../lib/gcc/arm-none-eabi/13.3.1/../../../../arm-none-eabi/lib/thumb/v8-m.main+fp/hard\libc_nano.a(libc_a-mallocr.o)
                              C:/ST/STM32CubeIDE_1.12.1/STM32CubeIDE/plugins/com.st.stm32cube.ide.mcu.externaltools.gnu-tools-for-stm32.13.3.rel1.win32_1.0.0.202411081344/tools/bin/../lib/gcc/arm-none-eabi/13.3.1/../../../../arm-none-eabi/lib/thumb/v8-m.main+fp/hard\libc_nano.a(libc_a-malloc.o) (_malloc_r)
C:/ST/STM32CubeIDE_1.12.1/STM32CubeIDE/plugins/com.st.stm32cube.ide.mcu.externaltools.gnu-tools-for-stm32.13.3.rel1.win32_1.0.0.202411081344/tools/bin/../lib/gcc/arm-none-eabi/13.3.1/../../../../arm-none-eabi/lib/thumb/v8-m.main+fp/hard\libc_nano.a(libc_a-mlock.o)
                              C:/ST/STM32CubeIDE_1.12.1/STM32CubeIDE/plugins/com.st.stm32cube.ide.mcu.externaltools.gnu-tools-for-stm32.13.3.rel1.win32_1.0.0.202411081344/tools/bin/../lib/gcc/arm-none-eabi/13.3.1/../../../../arm-none-eabi/lib/thumb/v8-m.main+fp/hard\libc_nano.a(libc_a-mallocr.o) (__malloc_lock)
C:/ST/STM32CubeIDE_1.12.1/STM32CubeIDE/plugins/com.st.stm32cube.ide.mcu.externaltools.gnu-tools-for-stm32.13.3.rel1.win32_1.0.0.202411081344/tools/bin/../lib/gcc/arm-none-eabi/13.3.1/../../../../arm-none-eabi/lib/thumb/v8-m.main+fp/hard\libc_nano.a(libc_a-findfp.o)
                              C:/ST/STM32CubeIDE_1.12.1/STM32CubeIDE/plugins/com.st.stm32cube.ide.mcu.externaltools.gnu-tools-for-stm32.13.3.rel1.win32_1.0.0.202411081344/tools/bin/../lib/gcc/arm-none-eabi/13.3.1/../../../../arm-none-eabi/lib/thumb/v8-m.main+fp/hard\libc_nano.a(libc_a-exit.o) (__stdio_exit_handler)
C:/ST/STM32CubeIDE_1.12.1/STM32CubeIDE/plugins/com.st.stm32cube.ide.mcu.externaltools.gnu-tools-for-stm32.13.3.rel1.win32_1.0.0.202411081344/tools/bin/../lib/gcc/arm-none-eabi/13.3.1/../../../../arm-none-eabi/lib/thumb/v8-m.main+fp/hard\libc_nano.a(libc_a-fwalk.o)
                              C:/ST/STM32CubeIDE_1.12.1/STM32CubeIDE/plugins/com.st.stm32cube.ide.mcu.externaltools.gnu-tools-for-stm32.13.3.rel1.win32_1.0.0.202411081344/tools/bin/../lib/gcc/arm-none-eabi/13.3.1/../../../../arm-none-eabi/lib/thumb/v8-m.main+fp/hard\libc_nano.a(libc_a-findfp.o) (_fwalk_sglue)
C:/ST/STM32CubeIDE_1.12.1/STM32CubeIDE/plugins/com.st.stm32cube.ide.mcu.externaltools.gnu-tools-for-stm32.13.3.rel1.win32_1.0.0.202411081344/tools/bin/../lib/gcc/arm-none-eabi/13.3.1/../../../../arm-none-eabi/lib/thumb/v8-m.main+fp/hard\libc_nano.a(libc_a-printf.o)
                              ./Core/Src/WifiApp.o (printf)
C:/ST/STM32CubeIDE_1.12.1/STM32CubeIDE/plugins/com.st.stm32cube.ide.mcu.externaltools.gnu-tools-for-stm32.13.3.rel1.win32_1.0.0.202411081344/tools/bin/../lib/gcc/arm-none-eabi/13.3.1/../../../../arm-none-eabi/lib/thumb/v8-m.main+fp/hard\libc_nano.a(libc_a-puts.o)
                              ./Core/Src/WifiApp.o (puts)
C:/ST/STM32CubeIDE_1.12.1/STM32CubeIDE/plugins/com.st.stm32cube.ide.mcu.externaltools.gnu-tools-for-stm32.13.3.rel1.win32_1.0.0.202411081344/tools/bin/../lib/gcc/arm-none-eabi/13.3.1/../../../../arm-none-eabi/lib/thumb/v8-m.main+fp/hard\libc_nano.a(libc_a-stdio.o)
                              C:/ST/STM32CubeIDE_1.12.1/STM32CubeIDE/plugins/com.st.stm32cube.ide.mcu.externaltools.gnu-tools-for-stm32.13.3.rel1.win32_1.0.0.202411081344/tools/bin/../lib/gcc/arm-none-eabi/13.3.1/../../../../arm-none-eabi/lib/thumb/v8-m.main+fp/hard\libc_nano.a(libc_a-findfp.o) (__sread)
C:/ST/STM32CubeIDE_1.12.1/STM32CubeIDE/plugins/com.st.stm32cube.ide.mcu.externaltools.gnu-tools-for-stm32.13.3.rel1.win32_1.0.0.202411081344/tools/bin/../lib/gcc/arm-none-eabi/13.3.1/../../../../arm-none-eabi/lib/thumb/v8-m.main+fp/hard\libc_nano.a(libc_a-wbuf.o)
[...]
Memory Configuration

Name             Origin             Length             Attributes
RAM              0x20000000         0x00008000         xrw
FLASH            0x08000000         0x00020000         xr
*default*        0x00000000         0xffffffff

Linker script and memory map

LOAD C:/ST/STM32CubeIDE_1.12.1/STM32CubeIDE/plugins/com.st.stm32cube.ide.mcu.externaltools.gnu-tools-for-stm32.13.3.rel1.win32_1.0.0.202411081344/tools/bin/../lib/gcc/arm-none-eabi/13.3.1/thumb/v8-m.main+fp/hard/crti.o
LOAD C:/ST/STM32CubeIDE_1.12.1/STM32CubeIDE/plugins/com.st.stm32cube.ide.mcu.externaltools.gnu-tools-for-stm32.13.3.rel1.win32_1.0.0.202411081344/tools/bin/../lib/gcc/arm-none-eabi/13.3.1/thumb/v8-m.main+fp/hard/crtbegin.o
LOAD C:/ST/STM32CubeIDE_1.12.1/STM32CubeIDE/plugins/com.st.stm32cube.ide.mcu.externaltools.gnu-tools-for-stm32.13.3.rel1.win32_1.0.0.202411081344/tools/bin/../lib/gcc/arm-none-eabi/13.3.1/../../../../arm-none-eabi/lib/thumb/v8-m.main+fp/hard/crt0.o
LOAD ./Core/Src/WifiApp.o
LOAD ./Core/Src/WifiTask.o
LOAD ./Core/Src/app_freertos.o
LOAD ./Core/Src/main.o
LOAD ./Core/Src/stm32h5xx_hal_msp.o
LOAD ./Core/Src/stm32h5xx_hal_timebase_tim.o
LOAD ./Core/Src/stm32h5xx_it.o
LOAD ./Core/Src/syscalls.o
LOAD ./Core/Src/sysmem.o
LOAD ./Core/Src/system_stm32h5xx.o
LOAD ./Core/Startup/startup_stm32h503rbtx.o
LOAD ./Drivers/BSP/STM32H5xx_Nucleo/stm32h5xx_nucleo.o
LOAD ./Drivers/STM32H5xx_HAL_Driver/Src/stm32h5xx_hal.o
LOAD ./Drivers/STM32H5xx_HAL_Driver/Src/stm32h5xx_hal_cortex.o
LOAD ./Drivers/STM32H5xx_HAL_Driver/Src/stm32h5xx_hal_dma.o
LOAD ./Drivers/STM32H5xx_HAL_Driver/Src/stm32h5xx_hal_dma_ex.o
LOAD ./Drivers/STM32H5xx_HAL_Driver/Src/stm32h5xx_hal_exti.o
LOAD ./Drivers/STM32H5xx_HAL_Driver/Src/stm32h5xx_hal_flash.o
LOAD ./Drivers/STM32H5xx_HAL_Driver/Src/stm32h5xx_hal_flash_ex.o
LOAD ./Drivers/STM32H5xx_HAL_Driver/Src/stm32h5xx_hal_gpio.o
LOAD ./Drivers/STM32H5xx_HAL_Driver/Src/stm32h5xx_hal_icache.o
LOAD ./Drivers/STM32H5xx_HAL_Driver/Src/stm32h5xx_hal_pwr.o
LOAD ./Drivers/STM32H5xx_HAL_Driver/Src/stm32h5xx_hal_pwr_ex.o
LOAD ./Drivers/STM32H5xx_HAL_Driver/Src/stm32h5xx_hal_rcc.o
LOAD ./Drivers/STM32H5xx_HAL_Driver/Src/stm32h5xx_hal_rcc_ex.o
LOAD ./Drivers/STM32H5xx_HAL_Driver/Src/stm32h5xx_hal_spi.o
LOAD ./Drivers/STM32H5xx_HAL_Driver/Src/stm32h5xx_hal_spi_ex.o
LOAD ./Drivers/STM32H5xx_HAL_Driver/Src/stm32h5xx_hal_tim.o
LOAD ./Drivers/STM32H5xx_HAL_Driver/Src/stm32h5xx_hal_tim_ex.o
LOAD ./Drivers/STM32H5xx_HAL_Driver/Src/stm32h5xx_hal_uart.o
LOAD ./Drivers/STM32H5xx_HAL_Driver/Src/stm32h5xx_hal_uart_ex.o
LOAD ./Drivers/STM32H5xx_HAL_Driver/Src/stm32h5xx_hal_usart.o
LOAD ./Drivers/STM32H5xx_HAL_Driver/Src/stm32h5xx_hal_usart_ex.o
LOAD ./Middlewares/Third_Party/FreeRTOS/Source/CMSIS_RTOS_V2/cmsis_os2.o
LOAD ./Middlewares/Third_Party/FreeRTOS/Source/croutine.o
LOAD ./Middlewares/Third_Party/FreeRTOS/Source/event_groups.o
LOAD ./Middlewares/Third_Party/FreeRTOS/Source/list.o
LOAD ./Middlewares/Third_Party/FreeRTOS/Source/queue.o
LOAD ./Middlewares/Third_Party/FreeRTOS/Source/stream_buffer.o
LOAD ./Middlewares/Third_Party/FreeRTOS/Source/tasks.o
LOAD ./Middlewares/Third_Party/FreeRTOS/Source/timers.o
LOAD ./Middlewares/Third_Party/FreeRTOS/Source/portable/GCC/ARM_CM33_NTZ/non_secure/port.o
LOAD ./Middlewares/Third_Party/FreeRTOS/Source/portable/GCC/ARM_CM33_NTZ/non_secure/portasm.o
LOAD ./Middlewares/Third_Party/FreeRTOS/Source/portable/MemMang/heap_4.o
LOAD ./winc1500/bsp/source/nm_bsp_stm32h5.o
LOAD ./winc1500/bus_wrapper/source/nm_bus_wrapper_stm32h5.o
LOAD ./winc1500/common/source/nm_common.o
LOAD ./winc1500/driver/source/m2m_ate_mode.o
LOAD ./winc1500/driver/source/m2m_crypto.o
LOAD ./winc1500/driver/source/m2m_hif.o
LOAD ./winc1500/driver/source/m2m_hif_crt.o
LOAD ./winc1500/driver/source/m2m_ota.o
LOAD ./winc1500/driver/source/m2m_periph.o
LOAD ./winc1500/driver/source/m2m_ssl.o
LOAD ./winc1500/driver/source/m2m_wifi.o
LOAD ./winc1500/driver/source/nmasic.o
LOAD ./winc1500/driver/source/nmasic_crt.o
LOAD ./winc1500/driver/source/nmbus.o
LOAD ./winc1500/driver/source/nmbus_crt.o
LOAD ./winc1500/driver/source/nmdrv.o
LOAD ./winc1500/driver/source/nmdrv_crt.o
LOAD ./winc1500/driver/source/nmi2c.o
LOAD ./winc1500/driver/source/nmspi.o
LOAD ./winc1500/driver/source/nmuart.o
LOAD ./winc1500/socket/source/socket.o
LOAD ./winc1500/spi_flash/source/flexible_flash.o
LOAD ./winc1500/spi_flash/source/spi_flash.o
START GROUP
LOAD C:/ST/STM32CubeIDE_1.12.1/STM32CubeIDE/plugins/com.st.stm32cube.ide.mcu.externaltools.gnu-tools-for-stm32.13.3.rel1.win32_1.0.0.202411081344/tools/bin/../lib/gcc/arm-none-eabi/13.3.1/../../../../arm-none-eabi/lib/thumb/v8-m.main+fp/hard\libc_nano.a
LOAD C:/ST/STM32CubeIDE_1.12.1/STM32CubeIDE/plugins/com.st.stm32cube.ide.mcu.externaltools.gnu-tools-for-stm32.13.3.rel1.win32_1.0.0.202411081344/tools/bin/../lib/gcc/arm-none-eabi/13.3.1/../../../../arm-none-eabi/lib/thumb/v8-m.main+fp/hard\libm.a
END GROUP
START GROUP
LOAD C:/ST/STM32CubeIDE_1.12.1/STM32CubeIDE/plugins/com.st.stm32cube.ide.mcu.externaltools.gnu-tools-for-stm32.13.3.rel1.win32_1.0.0.202411081344/tools/bin/../lib/gcc/arm-none-eabi/13.3.1/thumb/v8-m.main+fp/hard\libgcc.a
LOAD C:/ST/STM32CubeIDE_1.12.1/STM32CubeIDE/plugins/com.st.stm32cube.ide.mcu.externaltools.gnu-tools-for-stm32.13.3.rel1.win32_1.0.0.202411081344/tools/bin/../lib/gcc/arm-none-eabi/13.3.1/../../../../arm-none-eabi/lib/thumb/v8-m.main+fp/hard\libc_nano.a
END GROUP
START GROUP
LOAD C:/ST/STM32CubeIDE_1.12.1/STM32CubeIDE/plugins/com.st.stm32cube.ide.mcu.externaltools.gnu-tools-for-stm32.13.3.rel1.win32_1.0.0.202411081344/tools/bin/../lib/gcc/arm-none-eabi/13.3.1/thumb/v8-m.main+fp/hard\libgcc.a
LOAD C:/ST/STM32CubeIDE_1.12.1/STM32CubeIDE/plugins/com.st.stm32cube.ide.mcu.externaltools.gnu-tools-for-stm32.13.3.rel1.win32_1.0.0.202411081344/tools/bin/../lib/gcc/arm-none-eabi/13.3.1/../../../../arm-none-eabi/lib/thumb/v8-m.main+fp/hard\libc_nano.a
LOAD C:/ST/STM32CubeIDE_1.12.1/STM32CubeIDE/plugins/com.st.stm32cube.ide.mcu.externaltools.gnu-tools-for-stm32.13.3.rel1.win32_1.0.0.202411081344/tools/bin/../lib/gcc/arm-none-eabi/13.3.1/../../../../arm-none-eabi/lib/thumb/v8-m.main+fp/hard\libnosys.a
END GROUP
START GROUP
LOAD C:/ST/STM32CubeIDE_1.12.1/STM32CubeIDE/plugins/com.st.stm32cube.ide.mcu.externaltools.gnu-tools-for-stm32.13.3.rel1.win32_1.0.0.202411081344/tools/bin/../lib/gcc/arm-none-eabi/13.3.1/thumb/v8-m.main+fp/hard\libgcc.a
LOAD C:/ST/STM32CubeIDE_1.12.1/STM32CubeIDE/plugins/com.st.stm32cube.ide.mcu.externaltools.gnu-tools-for-stm32.13.3.rel1.win32_1.0.0.202411081344/tools/bin/../lib/gcc/arm-none-eabi/13.3.1/../../../../arm-none-eabi/lib/thumb/v8-m.main+fp/hard\libc_nano.a
LOAD C:/ST/STM32CubeIDE_1.12.1/STM32CubeIDE/plugins/com.st.stm32cube.ide.mcu.externaltools.gnu-tools-for-stm32.13.3.rel1.win32_1.0.0.202411081344/tools/bin/../lib/gcc/arm-none-eabi/13.3.1/../../../../arm-none-eabi/lib/thumb/v8-m.main+fp/hard\libnosys.a
END GROUP
LOAD C:/ST/STM32CubeIDE_1.12.1/STM32CubeIDE/plugins/com.st.stm32cube.ide.mcu.externaltools.gnu-tools-for-stm32.13.3.rel1.win32_1.0.0.202411081344/tools/bin/../lib/gcc/arm-none-eabi/13.3.1/thumb/v8-m.main+fp/hard/crtend.o
LOAD C:/ST/STM32CubeIDE_1.12.1/STM32CubeIDE/plugins/com.st.stm32cube.ide.mcu.externaltools.gnu-tools-for-stm32.13.3.rel1.win32_1.0.0.202411081344/tools/bin/../lib/gcc/arm-none-eabi/13.3.1/thumb/v8-m.main+fp/hard/crtn.o
                0x20008000                        _estack = (ORIGIN (RAM) + LENGTH (RAM))
                0x00000200                        _Min_Heap_Size = 0x200
                0x00000400                        _Min_Stack_Size = 0x400

.isr_vector     0x08000000      0x258
                0x08000000                        . = ALIGN (0x4)
 *(.isr_vector)
 .isr_vector    0x08000000      0x258 ./Core/Startup/startup_stm32h503rbtx.o
                0x08000000                g_pfnVectors
                0x08000258                        . = ALIGN (0x4)

.text           0x08000260     0xce4c
                0x08000260                        . = ALIGN (0x4)
 *(.text)
 .text          0x08000260       0x40 C:/ST/STM32CubeIDE_1.12.1/STM32CubeIDE/plugins/com.st.stm32cube.ide.mcu.externaltools.gnu-tools-for-stm32.13.3.rel1.win32_1.0.0.202411081344/tools/bin/../lib/gcc/arm-none-eabi/13.3.1/thumb/v8-m.main+fp/hard/crtbegin.o
 .text          0x080002a0       0x30 C:/ST/STM32CubeIDE_1.12.1/STM32CubeIDE/plugins/com.st.stm32cube.ide.mcu.externaltools.gnu-tools-for-stm32.13.3.rel1.win32_1.0.0.202411081344/tools/bin/../lib/gcc/arm-none-eabi/13.3.1/thumb/v8-m.main+fp/hard\libgcc.a(_aeabi_uldivmod.o)
                0x080002a0                __aeabi_uldivmod
 .text          0x080002d0      0x348 C:/ST/STM32CubeIDE_1.12.1/STM32CubeIDE/plugins/com.st.stm32cube.ide.mcu.externaltools.gnu-tools-for-stm32.13.3.rel1.win32_1.0.0.202411081344/tools/bin/../lib/gcc/arm-none-eabi/13.3.1/thumb/v8-m.main+fp/hard\libgcc.a(_udivmoddi4.o)
                0x080002d0                __udivmoddi4
 .text          0x08000618        0x4 C:/ST/STM32CubeIDE_1.12.1/STM32CubeIDE/plugins/com.st.stm32cube.ide.mcu.externaltools.gnu-tools-for-stm32.13.3.rel1.win32_1.0.0.202411081344/tools/bin/../lib/gcc/arm-none-eabi/13.3.1/thumb/v8-m.main+fp/hard\libgcc.a(_dvmd_tls.o)
                0x08000618                __aeabi_idiv0
                0x08000618                __aeabi_ldiv0
 *(.text*)
 .text.wifi_cb  0x0800061c       0x74 ./Core/Src/WifiApp.o
                0x0800061c                wifi_cb
 .text.WifiApp_InitAP
                0x08000690       0x84 ./Core/Src/WifiApp.o
                0x08000690                WifiApp_InitAP
 .text.EXTI4_IRQHandler
                0x08000714       0x40 ./Core/Src/WifiApp.o
                0x08000714                EXTI4_IRQHandler
 .text.WifiTask
                0x08000754       0x1c ./Core/Src/WifiTask.o
                0x08000754                WifiTask
 .text.MX_FREERTOS_Init
                0x08000770       0x58 ./Core/Src/app_freertos.o
                0x08000770                MX_FREERTOS_Init
 .text.StartDefaultTask
                0x080007c8       0x10 ./Core/Src/app_freertos.o
                0x080007c8                StartDefaultTask
 .text.main     0x080007d8       0x9c ./Core/Src/main.o
                0x080007d8                main
 .text.SystemClock_Config
                0x08000874       0xe8 ./Core/Src/main.o
                0x08000874                SystemClock_Config
 .text.MX_ICACHE_Init
                0x0800095c       0x26 ./Core/Src/main.o
 *fill*         0x08000982        0x2 
 .text.MX_SPI1_Init
                0x08000984       0xac ./Core/Src/main.o
 .text.MX_SPI2_Init
                0x08000a30       0xac ./Core/Src/main.o
 .text.MX_USART2_UART_Init
                0x08000adc       0x98 ./Core/Src/main.o
 .text.MX_GPIO_Init
                0x08000b74      0x16c ./Core/Src/main.o
 .text.HAL_TIM_PeriodElapsedCallback
                0x08000ce0       0x24 ./Core/Src/main.o
                0x08000ce0                HAL_TIM_PeriodElapsedCallback
 .text.BSP_PB_Callback
                0x08000d04       0x28 ./Core/Src/main.o
                0x08000d04                BSP_PB_Callback
 .text.Error_Handler
                0x08000d2c        0xc ./Core/Src/main.o
                0x08000d2c                Error_Handler
 .text.HAL_MspInit
                0x08000d38       0x14 ./Core/Src/stm32h5xx_hal_msp.o
                0x08000d38                HAL_MspInit
 .text.HAL_SPI_MspInit
                0x08000d4c      0x25c ./Core/Src/stm32h5xx_hal_msp.o
                0x08000d4c                HAL_SPI_MspInit
 .text.HAL_UART_MspInit
                0x08000fa8      0x11c ./Core/Src/stm32h5xx_hal_msp.o
                0x08000fa8                HAL_UART_MspInit
 .text.HAL_InitTick
                0x080010c4       0xd8 ./Core/Src/stm32h5xx_hal_timebase_tim.o
                0x080010c4                HAL_InitTick
 .text.NMI_Handler
                0x0800119c        0x8 ./Core/Src/stm32h5xx_it.o
                0x0800119c                NMI_Handler
 .text.HardFault_Handler
                0x080011a4        0x8 ./Core/Src/stm32h5xx_it.o
                0x080011a4                HardFault_Handler
 .text.MemManage_Handler
                0x080011ac        0x8 ./Core/Src/stm32h5xx_it.o
                0x080011ac                MemManage_Handler
 .text.BusFault_Handler
                0x080011b4        0x8 ./Core/Src/stm32h5xx_it.o
                0x080011b4                BusFault_Handler
 .text.UsageFault_Handler
                0x080011bc        0x8 ./Core/Src/stm32h5xx_it.o
                0x080011bc                UsageFault_Handler
 .text.DebugMon_Handler
                0x080011c4        0xe ./Core/Src/stm32h5xx_it.o
                0x080011c4                DebugMon_Handler
 .text.EXTI13_IRQHandler
                0x080011d2        0xe ./Core/Src/stm32h5xx_it.o
                0x080011d2                EXTI13_IRQHandler
 .text.TIM1_UP_IRQHandler
                0x080011e0       0x14 ./Core/Src/stm32h5xx_it.o
                0x080011e0                TIM1_UP_IRQHandler
 .text._read    0x080011f4       0x3a ./Core/Src/syscalls.o
                0x080011f4                _read
 .text._write   0x0800122e       0x38 ./Core/Src/syscalls.o
                0x0800122e                _write
 .text._close   0x08001266       0x18 ./Core/Src/syscalls.o
                0x08001266                _close
 .text._fstat   0x0800127e       0x20 ./Core/Src/syscalls.o
                0x0800127e                _fstat
 .text._isatty  0x0800129e       0x16 ./Core/Src/syscalls.o
                0x0800129e                _isatty
 .text._lseek   0x080012b4       0x1a ./Core/Src/syscalls.o
                0x080012b4                _lseek
 *fill*         0x080012ce        0x2 
 .text._sbrk    0x080012d0       0x6c ./Core/Src/sysmem.o
                0x080012d0                _sbrk
 .text.SystemInit
                0x0800133c       0xe4 ./Core/Src/system_stm32h5xx.o
                0x0800133c                SystemInit
 .text.Reset_Handler
                0x08001420       0x50 ./Core/Startup/startup_stm32h503rbtx.o
                0x08001420                Reset_Handler
 .text.Default_Handler
                0x08001470        0x2 ./Core/Startup/startup_stm32h503rbtx.o
                0x08001470                EXTI2_IRQHandler
                0x08001470                EXTI5_IRQHandler
                0x08001470                I3C1_ER_IRQHandler
                0x08001470                GPDMA2_Channel1_IRQHandler
                0x08001470                TIM1_CC_IRQHandler
                0x08001470                GPDMA2_Channel3_IRQHandler
                0x08001470                TAMP_IRQHandler
                0x08001470                TIM6_IRQHandler
                0x08001470                EXTI12_IRQHandler
                0x08001470                USB_DRD_FS_IRQHandler
                0x08001470                EXTI3_IRQHandler
                0x08001470                GPDMA1_Channel5_IRQHandler
                0x08001470                EXTI8_IRQHandler
                0x08001470                GPDMA2_Channel5_IRQHandler
                0x08001470                LPTIM2_IRQHandler
                0x08001470                GPDMA2_Channel2_IRQHandler
                0x08001470                EXTI0_IRQHandler
                0x08001470                I2C2_EV_IRQHandler
                0x08001470                FPU_IRQHandler
                0x08001470                GPDMA1_Channel3_IRQHandler
                0x08001470                GPDMA1_Channel7_IRQHandler
                0x08001470                FDCAN1_IT1_IRQHandler
                0x08001470                RAMCFG_IRQHandler
                0x08001470                SPI1_IRQHandler
                0x08001470                GPDMA1_Channel2_IRQHandler
                0x08001470                ADC1_IRQHandler
                0x08001470                I3C2_ER_IRQHandler
                0x08001470                EXTI15_IRQHandler
                0x08001470                USART3_IRQHandler
                0x08001470                RTC_IRQHandler
                0x08001470                EXTI9_IRQHandler
                0x08001470                I3C2_EV_IRQHandler
                0x08001470                I2C1_EV_IRQHandler
                0x08001470                GPDMA1_Channel1_IRQHandler
                0x08001470                TIM3_IRQHandler
                0x08001470                RCC_IRQHandler
                0x08001470                TIM1_TRG_COM_IRQHandler
                0x08001470                Default_Handler
                0x08001470                GPDMA2_Channel4_IRQHandler
                0x08001470                TIM7_IRQHandler
                0x08001470                GPDMA1_Channel0_IRQHandler
                0x08001470                I3C1_EV_IRQHandler
                0x08001470                PVD_AVD_IRQHandler
                0x08001470                SPI2_IRQHandler
                0x08001470                EXTI14_IRQHandler
                0x08001470                EXTI11_IRQHandler
                0x08001470                CRS_IRQHandler
                0x08001470                GPDMA2_Channel0_IRQHandler
                0x08001470                RNG_IRQHandler
                0x08001470                GPDMA2_Channel6_IRQHandler
                0x08001470                WWDG_IRQHandler
                0x08001470                IWDG_IRQHandler
                0x08001470                LPUART1_IRQHandler
                0x08001470                FDCAN1_IT0_IRQHandler
                0x08001470                TIM2_IRQHandler
                0x08001470                GPDMA1_Channel4_IRQHandler
                0x08001470                EXTI7_IRQHandler
                0x08001470                TIM1_BRK_IRQHandler
                0x08001470                EXTI1_IRQHandler
                0x08001470                DAC1_IRQHandler
                0x08001470                DTS_IRQHandler
                0x08001470                GTZC_IRQHandler
                0x08001470                USART2_IRQHandler
                0x08001470                GPDMA1_Channel6_IRQHandler
                0x08001470                GPDMA2_Channel7_IRQHandler
                0x08001470                I2C2_ER_IRQHandler
                0x08001470                FLASH_IRQHandler
                0x08001470                USART1_IRQHandler
                0x08001470                EXTI10_IRQHandler
                0x08001470                SPI3_IRQHandler
                0x08001470                I2C1_ER_IRQHandler
                0x08001470                EXTI6_IRQHandler
                0x08001470                COMP1_IRQHandler
                0x08001470                LPTIM1_IRQHandler
                0x08001470                ICACHE_IRQHandler
                0x08001470                HASH_IRQHandler
 *fill*         0x08001472        0x2 
 .text.BSP_LED_Init
                0x08001474       0x88 ./Drivers/BSP/STM32H5xx_Nucleo/stm32h5xx_nucleo.o
                0x08001474                BSP_LED_Init
 .text.BSP_LED_Toggle
                0x080014fc       0x3c ./Drivers/BSP/STM32H5xx_Nucleo/stm32h5xx_nucleo.o
                0x080014fc                BSP_LED_Toggle
 .text.BSP_PB_Init
                0x08001538       0xf0 ./Drivers/BSP/STM32H5xx_Nucleo/stm32h5xx_nucleo.o
                0x08001538                BSP_PB_Init
 .text.BSP_PB_IRQHandler
                0x08001628       0x2c ./Drivers/BSP/STM32H5xx_Nucleo/stm32h5xx_nucleo.o
                0x08001628                BSP_PB_IRQHandler
 .text.BSP_COM_Init
                0x08001654       0x60 ./Drivers/BSP/STM32H5xx_Nucleo/stm32h5xx_nucleo.o
                0x08001654                BSP_COM_Init
 .text.MX_USART_Init
                0x080016b4       0x68 ./Drivers/BSP/STM32H5xx_Nucleo/stm32h5xx_nucleo.o
                0x080016b4                MX_USART_Init
 .text.__io_putchar
                0x0800171c       0x38 ./Drivers/BSP/STM32H5xx_Nucleo/stm32h5xx_nucleo.o
                0x0800171c                __io_putchar
 .text.BUTTON_USER_EXTI_Callback
                0x08001754        0xe ./Drivers/BSP/STM32H5xx_Nucleo/stm32h5xx_nucleo.o
 *fill*         0x08001762        0x2 
 .text.COM1_MspInit
                0x08001764       0xac ./Drivers/BSP/STM32H5xx_Nucleo/stm32h5xx_nucleo.o
 .text.HAL_Init
                0x08001810       0x50 ./Drivers/STM32H5xx_HAL_Driver/Src/stm32h5xx_hal.o
                0x08001810                HAL_Init
 .text.HAL_IncTick
                0x08001860       0x28 ./Drivers/STM32H5xx_HAL_Driver/Src/stm32h5xx_hal.o
                0x08001860                HAL_IncTick
 .text.HAL_GetTick
                0x08001888       0x18 ./Drivers/STM32H5xx_HAL_Driver/Src/stm32h5xx_hal.o
                0x08001888                HAL_GetTick
 .text.HAL_Delay
                0x080018a0       0x48 ./Drivers/STM32H5xx_HAL_Driver/Src/stm32h5xx_hal.o
                0x080018a0                HAL_Delay
 .text.__NVIC_SetPriorityGrouping
                0x080018e8       0x48 ./Drivers/STM32H5xx_HAL_Driver/Src/stm32h5xx_hal_cortex.o
 .text.__NVIC_GetPriorityGrouping
                0x08001930       0x1c ./Drivers/STM32H5xx_HAL_Driver/Src/stm32h5xx_hal_cortex.o
 .text.__NVIC_EnableIRQ
                0x0800194c       0x3c ./Drivers/STM32H5xx_HAL_Driver/Src/stm32h5xx_hal_cortex.o
 .text.__NVIC_DisableIRQ
                0x08001988       0x48 ./Drivers/STM32H5xx_HAL_Driver/Src/stm32h5xx_hal_cortex.o
 .text.__NVIC_SetPriority
                0x080019d0       0x54 ./Drivers/STM32H5xx_HAL_Driver/Src/stm32h5xx_hal_cortex.o
 .text.NVIC_EncodePriority
                0x08001a24       0x66 ./Drivers/STM32H5xx_HAL_Driver/Src/stm32h5xx_hal_cortex.o
 .text.HAL_NVIC_SetPriorityGrouping
                0x08001a8a       0x16 ./Drivers/STM32H5xx_HAL_Driver/Src/stm32h5xx_hal_cortex.o
                0x08001a8a                HAL_NVIC_SetPriorityGrouping
 .text.HAL_NVIC_SetPriority
                0x08001aa0       0x34 ./Drivers/STM32H5xx_HAL_Driver/Src/stm32h5xx_hal_cortex.o
                0x08001aa0                HAL_NVIC_SetPriority
 .text.HAL_NVIC_EnableIRQ
                0x08001ad4       0x1c ./Drivers/STM32H5xx_HAL_Driver/Src/stm32h5xx_hal_cortex.o
                0x08001ad4                HAL_NVIC_EnableIRQ
 .text.HAL_NVIC_DisableIRQ
                0x08001af0       0x1c ./Drivers/STM32H5xx_HAL_Driver/Src/stm32h5xx_hal_cortex.o
                0x08001af0                HAL_NVIC_DisableIRQ
 .text.HAL_SYSTICK_CLKSourceConfig
                0x08001b0c       0xb0 ./Drivers/STM32H5xx_HAL_Driver/Src/stm32h5xx_hal_cortex.o
                0x08001b0c                HAL_SYSTICK_CLKSourceConfig
 .text.HAL_EXTI_RegisterCallback
                0x08001bbc       0x58 ./Drivers/STM32H5xx_HAL_Driver/Src/stm32h5xx_hal_exti.o
                0x08001bbc                HAL_EXTI_RegisterCallback
 .text.HAL_EXTI_GetHandle
                0x08001c14       0x28 ./Drivers/STM32H5xx_HAL_Driver/Src/stm32h5xx_hal_exti.o
                0x08001c14                HAL_EXTI_GetHandle
 .text.HAL_EXTI_IRQHandler
                0x08001c3c       0x90 ./Drivers/STM32H5xx_HAL_Driver/Src/stm32h5xx_hal_exti.o
                0x08001c3c                HAL_EXTI_IRQHandler
 .text.HAL_GPIO_Init
                0x08001ccc      0x2bc ./Drivers/STM32H5xx_HAL_Driver/Src/stm32h5xx_hal_gpio.o
                0x08001ccc                HAL_GPIO_Init
 .text.HAL_GPIO_WritePin
                0x08001f88       0x30 ./Drivers/STM32H5xx_HAL_Driver/Src/stm32h5xx_hal_gpio.o
                0x08001f88                HAL_GPIO_WritePin
 .text.HAL_GPIO_TogglePin
                0x08001fb8       0x34 ./Drivers/STM32H5xx_HAL_Driver/Src/stm32h5xx_hal_gpio.o
                0x08001fb8                HAL_GPIO_TogglePin
 .text.HAL_GPIO_EXTI_IRQHandler
                0x08001fec       0x4c ./Drivers/STM32H5xx_HAL_Driver/Src/stm32h5xx_hal_gpio.o
                0x08001fec                HAL_GPIO_EXTI_IRQHandler
 .text.HAL_GPIO_EXTI_Rising_Callback
                0x08002038       0x16 ./Drivers/STM32H5xx_HAL_Driver/Src/stm32h5xx_hal_gpio.o
                0x08002038                HAL_GPIO_EXTI_Rising_Callback
 .text.HAL_GPIO_EXTI_Falling_Callback
                0x0800204e       0x16 ./Drivers/STM32H5xx_HAL_Driver/Src/stm32h5xx_hal_gpio.o
                0x0800204e                HAL_GPIO_EXTI_Falling_Callback
 .text.HAL_ICACHE_ConfigAssociativityMode
                0x08002064       0x40 ./Drivers/STM32H5xx_HAL_Driver/Src/stm32h5xx_hal_icache.o
                0x08002064                HAL_ICACHE_ConfigAssociativityMode
 .text.HAL_ICACHE_Enable
                0x080020a4       0x20 ./Drivers/STM32H5xx_HAL_Driver/Src/stm32h5xx_hal_icache.o
                0x080020a4                HAL_ICACHE_Enable
 .text.HAL_RCC_OscConfig
                0x080020c4      0x870 ./Drivers/STM32H5xx_HAL_Driver/Src/stm32h5xx_hal_rcc.o
                0x080020c4                HAL_RCC_OscConfig
 .text.HAL_RCC_ClockConfig
                0x08002934      0x370 ./Drivers/STM32H5xx_HAL_Driver/Src/stm32h5xx_hal_rcc.o
                0x08002934                HAL_RCC_ClockConfig
 .text.HAL_RCC_GetSysClockFreq
                0x08002ca4      0x258 ./Drivers/STM32H5xx_HAL_Driver/Src/stm32h5xx_hal_rcc.o
                0x08002ca4                HAL_RCC_GetSysClockFreq
 .text.HAL_RCC_GetHCLKFreq
                0x08002efc       0x38 ./Drivers/STM32H5xx_HAL_Driver/Src/stm32h5xx_hal_rcc.o
                0x08002efc                HAL_RCC_GetHCLKFreq
 .text.HAL_RCC_GetPCLK1Freq
                0x08002f34       0x2c ./Drivers/STM32H5xx_HAL_Driver/Src/stm32h5xx_hal_rcc.o
                0x08002f34                HAL_RCC_GetPCLK1Freq
 .text.HAL_RCC_GetPCLK2Freq
                0x08002f60       0x2c ./Drivers/STM32H5xx_HAL_Driver/Src/stm32h5xx_hal_rcc.o
                0x08002f60                HAL_RCC_GetPCLK2Freq
 .text.HAL_RCC_GetPCLK3Freq
                0x08002f8c       0x2c ./Drivers/STM32H5xx_HAL_Driver/Src/stm32h5xx_hal_rcc.o
                0x08002f8c                HAL_RCC_GetPCLK3Freq
 .text.HAL_RCC_GetClockConfig
                0x08002fb8       0x70 ./Drivers/STM32H5xx_HAL_Driver/Src/stm32h5xx_hal_rcc.o
                0x08002fb8                HAL_RCC_GetClockConfig
 .text.HAL_RCCEx_PeriphCLKConfig
                0x08003028      0xc48 ./Drivers/STM32H5xx_HAL_Driver/Src/stm32h5xx_hal_rcc_ex.o
                0x08003028                HAL_RCCEx_PeriphCLKConfig
 .text.HAL_RCCEx_GetPLL1ClockFreq
                0x08003c70      0x2d8 ./Drivers/STM32H5xx_HAL_Driver/Src/stm32h5xx_hal_rcc_ex.o
                0x08003c70                HAL_RCCEx_GetPLL1ClockFreq
 .text.HAL_RCCEx_GetPLL2ClockFreq
                0x08003f48      0x2d8 ./Drivers/STM32H5xx_HAL_Driver/Src/stm32h5xx_hal_rcc_ex.o
                0x08003f48                HAL_RCCEx_GetPLL2ClockFreq
 .text.HAL_RCCEx_GetPeriphCLKFreq
                0x08004220      0xe7c ./Drivers/STM32H5xx_HAL_Driver/Src/stm32h5xx_hal_rcc_ex.o
                0x08004220                HAL_RCCEx_GetPeriphCLKFreq
 .text.RCCEx_PLL2_Config
                0x0800509c      0x130 ./Drivers/STM32H5xx_HAL_Driver/Src/stm32h5xx_hal_rcc_ex.o
 .text.HAL_SPI_Init
                0x080051cc      0x200 ./Drivers/STM32H5xx_HAL_Driver/Src/stm32h5xx_hal_spi.o
                0x080051cc                HAL_SPI_Init
 .text.HAL_SPI_TransmitReceive
                0x080053cc      0x690 ./Drivers/STM32H5xx_HAL_Driver/Src/stm32h5xx_hal_spi.o
                0x080053cc                HAL_SPI_TransmitReceive
 .text.SPI_CloseTransfer
                0x08005a5c      0x140 ./Drivers/STM32H5xx_HAL_Driver/Src/stm32h5xx_hal_spi.o
 .text.SPI_WaitOnFlagUntilTimeout
                0x08005b9c       0x5c ./Drivers/STM32H5xx_HAL_Driver/Src/stm32h5xx_hal_spi.o
 .text.SPI_GetPacketSize
                0x08005bf8       0x36 ./Drivers/STM32H5xx_HAL_Driver/Src/stm32h5xx_hal_spi.o
 .text.HAL_TIM_Base_Init
                0x08005c2e       0xae ./Drivers/STM32H5xx_HAL_Driver/Src/stm32h5xx_hal_tim.o
                0x08005c2e                HAL_TIM_Base_Init
 .text.HAL_TIM_Base_MspInit
                0x08005cdc       0x14 ./Drivers/STM32H5xx_HAL_Driver/Src/stm32h5xx_hal_tim.o
                0x08005cdc                HAL_TIM_Base_MspInit
 .text.HAL_TIM_Base_Start_IT
                0x08005cf0       0xa8 ./Drivers/STM32H5xx_HAL_Driver/Src/stm32h5xx_hal_tim.o
                0x08005cf0                HAL_TIM_Base_Start_IT
 .text.HAL_TIM_IRQHandler
                0x08005d98      0x29e ./Drivers/STM32H5xx_HAL_Driver/Src/stm32h5xx_hal_tim.o
                0x08005d98                HAL_TIM_IRQHandler
 .text.HAL_TIM_OC_DelayElapsedCallback
                0x08006036       0x14 ./Drivers/STM32H5xx_HAL_Driver/Src/stm32h5xx_hal_tim.o
                0x08006036                HAL_TIM_OC_DelayElapsedCallback
 .text.HAL_TIM_IC_CaptureCallback
                0x0800604a       0x14 ./Drivers/STM32H5xx_HAL_Driver/Src/stm32h5xx_hal_tim.o
                0x0800604a                HAL_TIM_IC_CaptureCallback
 .text.HAL_TIM_PWM_PulseFinishedCallback
                0x0800605e       0x14 ./Drivers/STM32H5xx_HAL_Driver/Src/stm32h5xx_hal_tim.o
                0x0800605e                HAL_TIM_PWM_PulseFinishedCallback
 .text.HAL_TIM_TriggerCallback
                0x08006072       0x14 ./Drivers/STM32H5xx_HAL_Driver/Src/stm32h5xx_hal_tim.o
                0x08006072                HAL_TIM_TriggerCallback
 *fill*         0x08006086        0x2 
 .text.TIM_Base_SetConfig
                0x08006088       0xcc ./Drivers/STM32H5xx_HAL_Driver/Src/stm32h5xx_hal_tim.o
                0x08006088                TIM_Base_SetConfig
 .text.HAL_TIMEx_CommutCallback
                0x08006154       0x14 ./Drivers/STM32H5xx_HAL_Driver/Src/stm32h5xx_hal_tim_ex.o
                0x08006154                HAL_TIMEx_CommutCallback
 .text.HAL_TIMEx_BreakCallback
                0x08006168       0x14 ./Drivers/STM32H5xx_HAL_Driver/Src/stm32h5xx_hal_tim_ex.o
                0x08006168                HAL_TIMEx_BreakCallback
 .text.HAL_TIMEx_Break2Callback
                0x0800617c       0x14 ./Drivers/STM32H5xx_HAL_Driver/Src/stm32h5xx_hal_tim_ex.o
                0x0800617c                HAL_TIMEx_Break2Callback
 .text.HAL_TIMEx_EncoderIndexCallback
                0x08006190       0x14 ./Drivers/STM32H5xx_HAL_Driver/Src/stm32h5xx_hal_tim_ex.o
                0x08006190                HAL_TIMEx_EncoderIndexCallback
 .text.HAL_TIMEx_DirectionChangeCallback
                0x080061a4       0x14 ./Drivers/STM32H5xx_HAL_Driver/Src/stm32h5xx_hal_tim_ex.o
                0x080061a4                HAL_TIMEx_DirectionChangeCallback
 .text.HAL_TIMEx_IndexErrorCallback
                0x080061b8       0x14 ./Drivers/STM32H5xx_HAL_Driver/Src/stm32h5xx_hal_tim_ex.o
                0x080061b8                HAL_TIMEx_IndexErrorCallback
 .text.HAL_TIMEx_TransitionErrorCallback
                0x080061cc       0x14 ./Drivers/STM32H5xx_HAL_Driver/Src/stm32h5xx_hal_tim_ex.o
                0x080061cc                HAL_TIMEx_TransitionErrorCallback
 .text.HAL_UART_Init
                0x080061e0       0xa0 ./Drivers/STM32H5xx_HAL_Driver/Src/stm32h5xx_hal_uart.o
                0x080061e0                HAL_UART_Init
 .text.HAL_UART_Transmit
                0x08006280      0x13c ./Drivers/STM32H5xx_HAL_Driver/Src/stm32h5xx_hal_uart.o
                0x08006280                HAL_UART_Transmit
 .text.UART_SetConfig
                0x080063bc      0x2fc ./Drivers/STM32H5xx_HAL_Driver/Src/stm32h5xx_hal_uart.o
                0x080063bc                UART_SetConfig
 .text.UART_AdvFeatureConfig
                0x080066b8      0x144 ./Drivers/STM32H5xx_HAL_Driver/Src/stm32h5xx_hal_uart.o
                0x080066b8                UART_AdvFeatureConfig
 .text.UART_CheckIdleState
                0x080067fc      0x154 ./Drivers/STM32H5xx_HAL_Driver/Src/stm32h5xx_hal_uart.o
                0x080067fc                UART_CheckIdleState
 .text.UART_WaitOnFlagUntilTimeout
                0x08006950       0xda ./Drivers/STM32H5xx_HAL_Driver/Src/stm32h5xx_hal_uart.o
                0x08006950                UART_WaitOnFlagUntilTimeout
 .text.UART_EndRxTransfer
                0x08006a2a       0xcc ./Drivers/STM32H5xx_HAL_Driver/Src/stm32h5xx_hal_uart.o
 .text.HAL_UARTEx_DisableFifoMode
                0x08006af6       0x72 ./Drivers/STM32H5xx_HAL_Driver/Src/stm32h5xx_hal_uart_ex.o
                0x08006af6                HAL_UARTEx_DisableFifoMode
 .text.HAL_UARTEx_SetTxFifoThreshold
                0x08006b68       0x7c ./Drivers/STM32H5xx_HAL_Driver/Src/stm32h5xx_hal_uart_ex.o
                0x08006b68                HAL_UARTEx_SetTxFifoThreshold
 .text.HAL_UARTEx_SetRxFifoThreshold
                0x08006be4       0x7c ./Drivers/STM32H5xx_HAL_Driver/Src/stm32h5xx_hal_uart_ex.o
                0x08006be4                HAL_UARTEx_SetRxFifoThreshold
 .text.UARTEx_SetNbDataToProcess
                0x08006c60       0x9c ./Drivers/STM32H5xx_HAL_Driver/Src/stm32h5xx_hal_uart_ex.o
 .text.__NVIC_SetPriority
                0x08006cfc       0x54 ./Middlewares/Third_Party/FreeRTOS/Source/CMSIS_RTOS_V2/cmsis_os2.o
 .text.SysTick_Handler
                0x08006d50       0x20 ./Middlewares/Third_Party/FreeRTOS/Source/CMSIS_RTOS_V2/cmsis_os2.o
                0x08006d50                SysTick_Handler
 .text.SVC_Setup
                0x08006d70       0x12 ./Middlewares/Third_Party/FreeRTOS/Source/CMSIS_RTOS_V2/cmsis_os2.o
 .text.IRQ_Context
                0x08006d82       0x4e ./Middlewares/Third_Party/FreeRTOS/Source/CMSIS_RTOS_V2/cmsis_os2.o
 .text.osKernelInitialize
                0x08006dd0       0x4c ./Middlewares/Third_Party/FreeRTOS/Source/CMSIS_RTOS_V2/cmsis_os2.o
                0x08006dd0                osKernelInitialize
 .text.osKernelStart
                0x08006e1c       0x54 ./Middlewares/Third_Party/FreeRTOS/Source/CMSIS_RTOS_V2/cmsis_os2.o
                0x08006e1c                osKernelStart
 .text.osThreadNew
                0x08006e70      0x122 ./Middlewares/Third_Party/FreeRTOS/Source/CMSIS_RTOS_V2/cmsis_os2.o
                0x08006e70                osThreadNew
 .text.osDelay  0x08006f92       0x34 ./Middlewares/Third_Party/FreeRTOS/Source/CMSIS_RTOS_V2/cmsis_os2.o
                0x08006f92                osDelay
 *fill*         0x08006fc6        0x2 
 .text.vApplicationGetIdleTaskMemory
                0x08006fc8       0x34 ./Middlewares/Third_Party/FreeRTOS/Source/CMSIS_RTOS_V2/cmsis_os2.o
                0x08006fc8                vApplicationGetIdleTaskMemory
 .text.vApplicationGetTimerTaskMemory
                0x08006ffc       0x34 ./Middlewares/Third_Party/FreeRTOS/Source/CMSIS_RTOS_V2/cmsis_os2.o
                0x08006ffc                vApplicationGetTimerTaskMemory
 .text.vListInitialise
                0x08007030       0x40 ./Middlewares/Third_Party/FreeRTOS/Source/list.o
                0x08007030                vListInitialise
 .text.vListInitialiseItem
                0x08007070       0x1a ./Middlewares/Third_Party/FreeRTOS/Source/list.o
                0x08007070                vListInitialiseItem
 .text.vListInsert
                0x0800708a       0x72 ./Middlewares/Third_Party/FreeRTOS/Source/list.o
                0x0800708a                vListInsert
 .text.uxListRemove
                0x080070fc       0x54 ./Middlewares/Third_Party/FreeRTOS/Source/list.o
                0x080070fc                uxListRemove
 .text.xQueueGenericReset
                0x08007150       0xf2 ./Middlewares/Third_Party/FreeRTOS/Source/queue.o
                0x08007150                xQueueGenericReset
 .text.xQueueGenericCreateStatic
                0x08007242       0x92 ./Middlewares/Third_Party/FreeRTOS/Source/queue.o
                0x08007242                xQueueGenericCreateStatic
 .text.prvInitialiseNewQueue
                0x080072d4       0x46 ./Middlewares/Third_Party/FreeRTOS/Source/queue.o
 .text.xQueueReceive
                0x0800731a      0x178 ./Middlewares/Third_Party/FreeRTOS/Source/queue.o
                0x0800731a                xQueueReceive
 .text.prvCopyDataFromQueue
                0x08007492       0x4c ./Middlewares/Third_Party/FreeRTOS/Source/queue.o
 .text.prvUnlockQueue
                0x080074de       0xa4 ./Middlewares/Third_Party/FreeRTOS/Source/queue.o
 .text.prvIsQueueEmpty
                0x08007582       0x2c ./Middlewares/Third_Party/FreeRTOS/Source/queue.o
 *fill*         0x080075ae        0x2 
 .text.vQueueAddToRegistry
                0x080075b0       0x8c ./Middlewares/Third_Party/FreeRTOS/Source/queue.o
                0x080075b0                vQueueAddToRegistry
 .text.vQueueWaitForMessageRestricted
                0x0800763c       0x68 ./Middlewares/Third_Party/FreeRTOS/Source/queue.o
                0x0800763c                vQueueWaitForMessageRestricted
 .text.xTaskCreateStatic
                0x080076a4       0x9a ./Middlewares/Third_Party/FreeRTOS/Source/tasks.o
                0x080076a4                xTaskCreateStatic
 .text.xTaskCreate
                0x0800773e       0x94 ./Middlewares/Third_Party/FreeRTOS/Source/tasks.o
                0x0800773e                xTaskCreate
 .text.prvInitialiseNewTask
                0x080077d2      0x104 ./Middlewares/Third_Party/FreeRTOS/Source/tasks.o
 *fill*         0x080078d6        0x2 
 .text.prvAddNewTaskToReadyList
                0x080078d8      0x120 ./Middlewares/Third_Party/FreeRTOS/Source/tasks.o
 .text.vTaskDelay
                0x080079f8       0x4c ./Middlewares/Third_Party/FreeRTOS/Source/tasks.o
                0x080079f8                vTaskDelay
 .text.vTaskStartScheduler
                0x08007a44       0xb8 ./Middlewares/Third_Party/FreeRTOS/Source/tasks.o
                0x08007a44                vTaskStartScheduler
 .text.vTaskSuspendAll
                0x08007afc       0x1c ./Middlewares/Third_Party/FreeRTOS/Source/tasks.o
                0x08007afc                vTaskSuspendAll
 .text.xTaskResumeAll
                0x08007b18      0x1dc ./Middlewares/Third_Party/FreeRTOS/Source/tasks.o
                0x08007b18                xTaskResumeAll
 .text.xTaskGetTickCount
                0x08007cf4       0x20 ./Middlewares/Third_Party/FreeRTOS/Source/tasks.o
                0x08007cf4                xTaskGetTickCount
 .text.xTaskIncrementTick
                0x08007d14      0x220 ./Middlewares/Third_Party/FreeRTOS/Source/tasks.o
                0x08007d14                xTaskIncrementTick
 .text.vTaskSwitchContext
                0x08007f34       0xa8 ./Middlewares/Third_Party/FreeRTOS/Source/tasks.o
                0x08007f34                vTaskSwitchContext
 .text.vTaskPlaceOnEventList
                0x08007fdc       0x3c ./Middlewares/Third_Party/FreeRTOS/Source/tasks.o
                0x08007fdc                vTaskPlaceOnEventList
 .text.vTaskPlaceOnEventListRestricted
                0x08008018       0x7c ./Middlewares/Third_Party/FreeRTOS/Source/tasks.o
                0x08008018                vTaskPlaceOnEventListRestricted
 .text.xTaskRemoveFromEventList
                0x08008094      0x19c ./Middlewares/Third_Party/FreeRTOS/Source/tasks.o
                0x08008094                xTaskRemoveFromEventList
 .text.vTaskInternalSetTimeOutState
                0x08008230       0x2c ./Middlewares/Third_Party/FreeRTOS/Source/tasks.o
                0x08008230                vTaskInternalSetTimeOutState
 .text.xTaskCheckForTimeOut
                0x0800825c       0xb0 ./Middlewares/Third_Party/FreeRTOS/Source/tasks.o
                0x0800825c                xTaskCheckForTimeOut
 .text.vTaskMissedYield
                0x0800830c       0x18 ./Middlewares/Third_Party/FreeRTOS/Source/tasks.o
                0x0800830c                vTaskMissedYield
 .text.prvIdleTask
                0x08008324       0x20 ./Middlewares/Third_Party/FreeRTOS/Source/tasks.o
 .text.prvInitialiseTaskLists
                0x08008344       0x80 ./Middlewares/Third_Party/FreeRTOS/Source/tasks.o
 .text.prvCheckTasksWaitingTermination
                0x080083c4       0x5c ./Middlewares/Third_Party/FreeRTOS/Source/tasks.o
 .text.prvDeleteTCB
                0x08008420       0x50 ./Middlewares/Third_Party/FreeRTOS/Source/tasks.o
 .text.prvResetNextTaskUnblockTime
                0x08008470       0x38 ./Middlewares/Third_Party/FreeRTOS/Source/tasks.o
 .text.xTaskGetSchedulerState
                0x080084a8       0x3c ./Middlewares/Third_Party/FreeRTOS/Source/tasks.o
                0x080084a8                xTaskGetSchedulerState
 .text.prvAddCurrentTaskToDelayedList
                0x080084e4       0xdc ./Middlewares/Third_Party/FreeRTOS/Source/tasks.o
 .text.xTimerCreateTimerTask
                0x080085c0       0x80 ./Middlewares/Third_Party/FreeRTOS/Source/timers.o
                0x080085c0                xTimerCreateTimerTask
 .text.prvReloadTimer
                0x08008640       0x42 ./Middlewares/Third_Party/FreeRTOS/Source/timers.o
 *fill*         0x08008682        0x2 
 .text.prvProcessExpiredTimer
                0x08008684       0x60 ./Middlewares/Third_Party/FreeRTOS/Source/timers.o
 .text.prvTimerTask
                0x080086e4       0x26 ./Middlewares/Third_Party/FreeRTOS/Source/timers.o
 *fill*         0x0800870a        0x2 
 .text.prvProcessTimerOrBlockTask
                0x0800870c       0x8c ./Middlewares/Third_Party/FreeRTOS/Source/timers.o
 .text.prvGetNextExpireTime
                0x08008798       0x48 ./Middlewares/Third_Party/FreeRTOS/Source/timers.o
 .text.prvSampleTimeNow
                0x080087e0       0x40 ./Middlewares/Third_Party/FreeRTOS/Source/timers.o
 .text.prvInsertTimerInActiveList
                0x08008820       0x84 ./Middlewares/Third_Party/FreeRTOS/Source/timers.o
 .text.prvProcessReceivedCommands
                0x080088a4      0x19c ./Middlewares/Third_Party/FreeRTOS/Source/timers.o
 .text.prvSwitchTimerLists
                0x08008a40       0x4c ./Middlewares/Third_Party/FreeRTOS/Source/timers.o
 .text.prvCheckForValidListAndQueue
                0x08008a8c       0x80 ./Middlewares/Third_Party/FreeRTOS/Source/timers.o
 .text.vPortSetupTimerInterrupt
                0x08008b0c       0x48 ./Middlewares/Third_Party/FreeRTOS/Source/portable/GCC/ARM_CM33_NTZ/non_secure/port.o
                0x08008b0c                vPortSetupTimerInterrupt
 .text.prvTaskExitError
                0x08008b54       0x38 ./Middlewares/Third_Party/FreeRTOS/Source/portable/GCC/ARM_CM33_NTZ/non_secure/port.o
 .text.vPortYield
                0x08008b8c       0x24 ./Middlewares/Third_Party/FreeRTOS/Source/portable/GCC/ARM_CM33_NTZ/non_secure/port.o
                0x08008b8c                vPortYield
 .text.vPortEnterCritical
                0x08008bb0       0x24 ./Middlewares/Third_Party/FreeRTOS/Source/portable/GCC/ARM_CM33_NTZ/non_secure/port.o
                0x08008bb0                vPortEnterCritical
 .text.vPortExitCritical
                0x08008bd4       0x34 ./Middlewares/Third_Party/FreeRTOS/Source/portable/GCC/ARM_CM33_NTZ/non_secure/port.o
                0x08008bd4                vPortExitCritical
 .text.xPortSysTickHandler
                0x08008c08       0x30 ./Middlewares/Third_Party/FreeRTOS/Source/portable/GCC/ARM_CM33_NTZ/non_secure/port.o
                0x08008c08                xPortSysTickHandler
 .text.vPortSVCHandler_C
                0x08008c38       0x32 ./Middlewares/Third_Party/FreeRTOS/Source/portable/GCC/ARM_CM33_NTZ/non_secure/port.o
                0x08008c38                vPortSVCHandler_C
 *fill*         0x08008c6a        0x2 
 .text.pxPortInitialiseStack
                0x08008c6c      0x114 ./Middlewares/Third_Party/FreeRTOS/Source/portable/GCC/ARM_CM33_NTZ/non_secure/port.o
                0x08008c6c                pxPortInitialiseStack
 .text.xPortStartScheduler
                0x08008d80       0xf4 ./Middlewares/Third_Party/FreeRTOS/Source/portable/GCC/ARM_CM33_NTZ/non_secure/port.o
                0x08008d80                xPortStartScheduler
 *fill*         0x08008e74        0xc 
 .text.vRestoreContextOfFirstTask
                0x08008e80       0x38 ./Middlewares/Third_Party/FreeRTOS/Source/portable/GCC/ARM_CM33_NTZ/non_secure/portasm.o
                0x08008e80                vRestoreContextOfFirstTask
 *fill*         0x08008eb8        0x8 
 .text.vStartFirstTask
                0x08008ec0       0x28 ./Middlewares/Third_Party/FreeRTOS/Source/portable/GCC/ARM_CM33_NTZ/non_secure/portasm.o
                0x08008ec0                vStartFirstTask
 .text.ulSetInterruptMask
                0x08008ee8       0x1a ./Middlewares/Third_Party/FreeRTOS/Source/portable/GCC/ARM_CM33_NTZ/non_secure/portasm.o
                0x08008ee8                ulSetInterruptMask
 .text.vClearInterruptMask
                0x08008f02       0x10 ./Middlewares/Third_Party/FreeRTOS/Source/portable/GCC/ARM_CM33_NTZ/non_secure/portasm.o
                0x08008f02                vClearInterruptMask
 *fill*         0x08008f12        0xe 
 .text.PendSV_Handler
                0x08008f20       0x58 ./Middlewares/Third_Party/FreeRTOS/Source/portable/GCC/ARM_CM33_NTZ/non_secure/portasm.o
                0x08008f20                PendSV_Handler
 *fill*         0x08008f78        0x8 
 .text.SVC_Handler
                0x08008f80       0x28 ./Middlewares/Third_Party/FreeRTOS/Source/portable/GCC/ARM_CM33_NTZ/non_secure/portasm.o
                0x08008f80                SVC_Handler
 .text.pvPortMalloc
                0x08008fa8      0x178 ./Middlewares/Third_Party/FreeRTOS/Source/portable/MemMang/heap_4.o
                0x08008fa8                pvPortMalloc
 .text.vPortFree
                0x08009120       0x94 ./Middlewares/Third_Party/FreeRTOS/Source/portable/MemMang/heap_4.o
                0x08009120                vPortFree
 .text.prvHeapInit
                0x080091b4       0xb8 ./Middlewares/Third_Party/FreeRTOS/Source/portable/MemMang/heap_4.o
 .text.prvInsertBlockIntoFreeList
                0x0800926c       0xb4 ./Middlewares/Third_Party/FreeRTOS/Source/portable/MemMang/heap_4.o
 .text.init_chip_pins
                0x08009320       0x84 ./winc1500/bsp/source/nm_bsp_stm32h5.o
 .text.nm_bsp_init
                0x080093a4       0x12 ./winc1500/bsp/source/nm_bsp_stm32h5.o
                0x080093a4                nm_bsp_init
 *fill*         0x080093b6        0x2 
 .text.nm_bsp_reset
                0x080093b8       0x58 ./winc1500/bsp/source/nm_bsp_stm32h5.o
                0x080093b8                nm_bsp_reset
 .text.nm_bsp_sleep
                0x08009410       0x16 ./winc1500/bsp/source/nm_bsp_stm32h5.o
                0x08009410                nm_bsp_sleep
 *fill*         0x08009426        0x2 
 .text.nm_bsp_register_isr
                0x08009428       0x64 ./winc1500/bsp/source/nm_bsp_stm32h5.o
                0x08009428                nm_bsp_register_isr
 .text.nm_bsp_interrupt_ctrl
                0x0800948c       0x30 ./winc1500/bsp/source/nm_bsp_stm32h5.o
                0x0800948c                nm_bsp_interrupt_ctrl
 .text.spi_select_slave
                0x080094bc       0x34 ./winc1500/bus_wrapper/source/nm_bus_wrapper_stm32h5.o
 .text.spi_rw   0x080094f0       0x98 ./winc1500/bus_wrapper/source/nm_bus_wrapper_stm32h5.o
 .text.nm_spi_rw
                0x08009588       0x24 ./winc1500/bus_wrapper/source/nm_bus_wrapper_stm32h5.o
                0x08009588                nm_spi_rw
 .text.nm_bus_init
                0x080095ac       0x7c ./winc1500/bus_wrapper/source/nm_bus_wrapper_stm32h5.o
                0x080095ac                nm_bus_init
 .text.nm_bus_deinit
                0x08009628       0x10 ./winc1500/bus_wrapper/source/nm_bus_wrapper_stm32h5.o
                0x08009628                nm_bus_deinit
 .text.m2m_memcpy
                0x08009638       0x40 ./winc1500/common/source/nm_common.o
                0x08009638                m2m_memcpy
 .text.m2m_memset
                0x08009678       0x3a ./winc1500/common/source/nm_common.o
                0x08009678                m2m_memset
 .text.m2m_strlen
                0x080096b2       0x30 ./winc1500/common/source/nm_common.o
                0x080096b2                m2m_strlen
 .text.hexchar_2_val
                0x080096e2       0x44 ./winc1500/common/source/nm_common.o
 .text.hexstr_2_bytes
                0x08009726       0x7e ./winc1500/common/source/nm_common.o
                0x08009726                hexstr_2_bytes
 .text.isr      0x080097a4       0x20 ./winc1500/driver/source/m2m_hif.o
 .text.hif_set_rx_done
                0x080097c4       0x60 ./winc1500/driver/source/m2m_hif.o
 .text.m2m_hif_cb
                0x08009824       0x1c ./winc1500/driver/source/m2m_hif.o
 .text.hif_chip_wake
                0x08009840       0x60 ./winc1500/driver/source/m2m_hif.o
                0x08009840                hif_chip_wake
 .text.hif_chip_sleep_sc
                0x080098a0       0x2c ./winc1500/driver/source/m2m_hif.o
                0x080098a0                hif_chip_sleep_sc
 .text.hif_chip_sleep
                0x080098cc       0x58 ./winc1500/driver/source/m2m_hif.o
                0x080098cc                hif_chip_sleep
 .text.hif_init
                0x08009924       0x38 ./winc1500/driver/source/m2m_hif.o
                0x08009924                hif_init
 .text.hif_send
                0x0800995c      0x24c ./winc1500/driver/source/m2m_hif.o
                0x0800995c                hif_send
 .text.hif_isr  0x08009ba8      0x20c ./winc1500/driver/source/m2m_hif.o
 .text.hif_handle_isr
                0x08009db4       0x78 ./winc1500/driver/source/m2m_hif.o
                0x08009db4                hif_handle_isr
 .text.hif_receive
                0x08009e2c       0xc8 ./winc1500/driver/source/m2m_hif.o
                0x08009e2c                hif_receive
 .text.hif_register_cb
                0x08009ef4       0x90 ./winc1500/driver/source/m2m_hif.o
                0x08009ef4                hif_register_cb
 .text.m2m_wifi_cb
                0x08009f84      0x374 ./winc1500/driver/source/m2m_wifi.o
 .text.m2m_wifi_init_hold
                0x0800a2f8       0x30 ./winc1500/driver/source/m2m_wifi.o
                0x0800a2f8                m2m_wifi_init_hold
 .text.m2m_wifi_init_start
                0x0800a328       0xa8 ./winc1500/driver/source/m2m_wifi.o
                0x0800a328                m2m_wifi_init_start
 .text.m2m_wifi_init
                0x0800a3d0       0x32 ./winc1500/driver/source/m2m_wifi.o
                0x0800a3d0                m2m_wifi_init
 .text.m2m_wifi_handle_events
                0x0800a402       0x16 ./winc1500/driver/source/m2m_wifi.o
                0x0800a402                m2m_wifi_handle_events
 .text.m2m_wifi_connect_prepare_msg
                0x0800a418      0x128 ./winc1500/driver/source/m2m_wifi.o
 .text.m2m_wifi_connect_open
                0x0800a540       0x5e ./winc1500/driver/source/m2m_wifi.o
                0x0800a540                m2m_wifi_connect_open
 .text.m2m_wifi_connect_wep
                0x0800a59e       0x1e ./winc1500/driver/source/m2m_wifi.o
                0x0800a59e                m2m_wifi_connect_wep
 .text.m2m_wifi_connect_psk
                0x0800a5bc      0x124 ./winc1500/driver/source/m2m_wifi.o
                0x0800a5bc                m2m_wifi_connect_psk
 .text.m2m_wifi_connect_1x_mschap2
                0x0800a6e0      0x1d8 ./winc1500/driver/source/m2m_wifi.o
                0x0800a6e0                m2m_wifi_connect_1x_mschap2
 .text.m2m_wifi_connect
                0x0800a8b8       0x30 ./winc1500/driver/source/m2m_wifi.o
                0x0800a8b8                m2m_wifi_connect
 .text.m2m_wifi_connect_sc
                0x0800a8e8      0x1a8 ./winc1500/driver/source/m2m_wifi.o
                0x0800a8e8                m2m_wifi_connect_sc
 .text.chip_apply_conf
                0x0800aa90       0x60 ./winc1500/driver/source/nmasic.o
                0x0800aa90                chip_apply_conf
 .text.enable_interrupts
                0x0800aaf0       0x94 ./winc1500/driver/source/nmasic.o
                0x0800aaf0                enable_interrupts
 .text.nmi_get_chipid
                0x0800ab84       0xe8 ./winc1500/driver/source/nmasic.o
                0x0800ab84                nmi_get_chipid
 .text.chip_sleep
                0x0800ac6c       0xc8 ./winc1500/driver/source/nmasic.o
                0x0800ac6c                chip_sleep
 .text.chip_wake
                0x0800ad34       0xe8 ./winc1500/driver/source/nmasic.o
                0x0800ad34                chip_wake
 .text.wait_for_bootrom
                0x0800ae1c      0x12c ./winc1500/driver/source/nmasic.o
                0x0800ae1c                wait_for_bootrom
 .text.wait_for_firmware_start
                0x0800af48       0x98 ./winc1500/driver/source/nmasic.o
                0x0800af48                wait_for_firmware_start
 .text.chip_deinit
                0x0800afe0       0x50 ./winc1500/driver/source/nmasic.o
                0x0800afe0                chip_deinit
 .text.nm_bus_iface_init
                0x0800b030       0x22 ./winc1500/driver/source/nmbus.o
                0x0800b030                nm_bus_iface_init
 .text.nm_bus_iface_deinit
                0x0800b052       0x1e ./winc1500/driver/source/nmbus.o
                0x0800b052                nm_bus_iface_deinit
 .text.nm_bus_reset
                0x0800b070       0x18 ./winc1500/driver/source/nmbus.o
                0x0800b070                nm_bus_reset
 .text.nm_read_reg
                0x0800b088       0x18 ./winc1500/driver/source/nmbus.o
                0x0800b088                nm_read_reg
 .text.nm_read_reg_with_ret
                0x0800b0a0       0x1c ./winc1500/driver/source/nmbus.o
                0x0800b0a0                nm_read_reg_with_ret
 .text.nm_write_reg
                0x0800b0bc       0x1c ./winc1500/driver/source/nmbus.o
                0x0800b0bc                nm_write_reg
 .text.p_nm_read_block
                0x0800b0d8       0x24 ./winc1500/driver/source/nmbus.o
 .text.nm_read_block
                0x0800b0fc       0x94 ./winc1500/driver/source/nmbus.o
                0x0800b0fc                nm_read_block
 .text.p_nm_write_block
                0x0800b190       0x24 ./winc1500/driver/source/nmbus.o
 .text.nm_write_block
                0x0800b1b4       0x94 ./winc1500/driver/source/nmbus.o
                0x0800b1b4                nm_write_block
 .text.nm_get_firmware_full_info
                0x0800b248      0x148 ./winc1500/driver/source/nmdrv.o
                0x0800b248                nm_get_firmware_full_info
 .text.nm_drv_init_hold
                0x0800b390       0x34 ./winc1500/driver/source/nmdrv.o
                0x0800b390                nm_drv_init_hold
 .text.nm_drv_init_start
                0x0800b3c4       0x98 ./winc1500/driver/source/nmdrv.o
                0x0800b3c4                nm_drv_init_start
 .text.nm_drv_deinit
                0x0800b45c       0x56 ./winc1500/driver/source/nmdrv.o
                0x0800b45c                nm_drv_deinit
 .text.nmi_spi_read
                0x0800b4b2       0x22 ./winc1500/driver/source/nmspi.o
 .text.nmi_spi_write
                0x0800b4d4       0x22 ./winc1500/driver/source/nmspi.o
 .text.nmi_spi_writeread
                0x0800b4f6       0x24 ./winc1500/driver/source/nmspi.o
 *fill*         0x0800b51a        0x2 
 .text.crc7_byte
                0x0800b51c       0x2c ./winc1500/driver/source/nmspi.o
 .text.crc7     0x0800b548       0x3a ./winc1500/driver/source/nmspi.o
 *fill*         0x0800b582        0x2 
 .text.spi_cmd  0x0800b584      0x22c ./winc1500/driver/source/nmspi.o
 .text.spi_data_rsp
                0x0800b7b0       0x74 ./winc1500/driver/source/nmspi.o
 .text.spi_cmd_rsp
                0x0800b824       0xbe ./winc1500/driver/source/nmspi.o
 .text.nm_spi_reset
                0x0800b8e2       0x4e ./winc1500/driver/source/nmspi.o
                0x0800b8e2                nm_spi_reset
 .text.spi_data_read
                0x0800b930       0xf0 ./winc1500/driver/source/nmspi.o
 .text.spi_data_write
                0x0800ba20       0xe8 ./winc1500/driver/source/nmspi.o
 .text.nm_spi_write_reg
                0x0800bb08       0x9e ./winc1500/driver/source/nmspi.o
                0x0800bb08                nm_spi_write_reg
 .text.nm_spi_write
                0x0800bba6       0xc8 ./winc1500/driver/source/nmspi.o
 .text.nm_spi_read_reg_with_ret
                0x0800bc6e       0xdc ./winc1500/driver/source/nmspi.o
                0x0800bc6e                nm_spi_read_reg_with_ret
 .text.nm_spi_read
                0x0800bd4a       0xda ./winc1500/driver/source/nmspi.o
 .text.spi_init_pkt_sz
                0x0800be24       0x34 ./winc1500/driver/source/nmspi.o
 .text.nm_spi_init
                0x0800be58       0xa8 ./winc1500/driver/source/nmspi.o
                0x0800be58                nm_spi_init
 .text.nm_spi_deinit
                0x0800bf00       0x1c ./winc1500/driver/source/nmspi.o
                0x0800bf00                nm_spi_deinit
 .text.nm_spi_read_reg
                0x0800bf1c       0x1e ./winc1500/driver/source/nmspi.o
                0x0800bf1c                nm_spi_read_reg
 .text.nm_spi_read_block
                0x0800bf3a       0x3c ./winc1500/driver/source/nmspi.o
                0x0800bf3a                nm_spi_read_block
 .text.nm_spi_write_block
                0x0800bf76       0x3c ./winc1500/driver/source/nmspi.o
                0x0800bf76                nm_spi_write_block
 *fill*         0x0800bfb2        0x2 
 .text.spi_flash_enter_low_power_mode
                0x0800bfb4       0x6c ./winc1500/spi_flash/source/spi_flash.o
 .text.spi_flash_leave_low_power_mode
                0x0800c020       0x6c ./winc1500/spi_flash/source/spi_flash.o
 .text.spi_flash_enable
                0x0800c08c       0x94 ./winc1500/spi_flash/source/spi_flash.o
                0x0800c08c                spi_flash_enable
 .text.malloc   0x0800c120       0x10 C:/ST/STM32CubeIDE_1.12.1/STM32CubeIDE/plugins/com.st.stm32cube.ide.mcu.externaltools.gnu-tools-for-stm32.13.3.rel1.win32_1.0.0.202411081344/tools/bin/../lib/gcc/arm-none-eabi/13.3.1/../../../../arm-none-eabi/lib/thumb/v8-m.main+fp/hard\libc_nano.a(libc_a-malloc.o)
                0x0800c120                malloc
 .text.free     0x0800c130       0x10 C:/ST/STM32CubeIDE_1.12.1/STM32CubeIDE/plugins/com.st.stm32cube.ide.mcu.externaltools.gnu-tools-for-stm32.13.3.rel1.win32_1.0.0.202411081344/tools/bin/../lib/gcc/arm-none-eabi/13.3.1/../../../../arm-none-eabi/lib/thumb/v8-m.main+fp/hard\libc_nano.a(libc_a-malloc.o)
                0x0800c130                free
 .text.sbrk_aligned
                0x0800c140       0x44 C:/ST/STM32CubeIDE_1.12.1/STM32CubeIDE/plugins/com.st.stm32cube.ide.mcu.externaltools.gnu-tools-for-stm32.13.3.rel1.win32_1.0.0.202411081344/tools/bin/../lib/gcc/arm-none-eabi/13.3.1/../../../../arm-none-eabi/lib/thumb/v8-m.main+fp/hard\libc_nano.a(libc_a-mallocr.o)
 .text._malloc_r
                0x0800c184      0x100 C:/ST/STM32CubeIDE_1.12.1/STM32CubeIDE/plugins/com.st.stm32cube.ide.mcu.externaltools.gnu-tools-for-stm32.13.3.rel1.win32_1.0.0.202411081344/tools/bin/../lib/gcc/arm-none-eabi/13.3.1/../../../../arm-none-eabi/lib/thumb/v8-m.main+fp/hard\libc_nano.a(libc_a-mallocr.o)
                0x0800c184                _malloc_r
 .text.__malloc_lock
                0x0800c284        0xc C:/ST/STM32CubeIDE_1.12.1/STM32CubeIDE/plugins/com.st.stm32cube.ide.mcu.externaltools.gnu-tools-for-stm32.13.3.rel1.win32_1.0.0.202411081344/tools/bin/../lib/gcc/arm-none-eabi/13.3.1/../../../../arm-none-eabi/lib/thumb/v8-m.main+fp/hard\libc_nano.a(libc_a-mlock.o)
                0x0800c284                __malloc_lock
 .text.__malloc_unlock
                0x0800c290        0xc C:/ST/STM32CubeIDE_1.12.1/STM32CubeIDE/plugins/com.st.stm32cube.ide.mcu.externaltools.gnu-tools-for-stm32.13.3.rel1.win32_1.0.0.202411081344/tools/bin/../lib/gcc/arm-none-eabi/13.3.1/../../../../arm-none-eabi/lib/thumb/v8-m.main+fp/hard\libc_nano.a(libc_a-mlock.o)
                0x0800c290                __malloc_unlock
 .text.std      0x0800c29c       0x6c C:/ST/STM32CubeIDE_1.12.1/STM32CubeIDE/plugins/com.st.stm32cube.ide.mcu.externaltools.gnu-tools-for-stm32.13.3.rel1.win32_1.0.0.202411081344/tools/bin/../lib/gcc/arm-none-eabi/13.3.1/../../../../arm-none-eabi/lib/thumb/v8-m.main+fp/hard\libc_nano.a(libc_a-findfp.o)
 .text.stdio_exit_handler
                0x0800c308       0x18 C:/ST/STM32CubeIDE_1.12.1/STM32CubeIDE/plugins/com.st.stm32cube.ide.mcu.externaltools.gnu-tools-for-stm32.13.3.rel1.win32_1.0.0.202411081344/tools/bin/../lib/gcc/arm-none-eabi/13.3.1/../../../../arm-none-eabi/lib/thumb/v8-m.main+fp/hard\libc_nano.a(libc_a-findfp.o)
 .text.cleanup_stdio
                0x0800c320       0x40 C:/ST/STM32CubeIDE_1.12.1/STM32CubeIDE/plugins/com.st.stm32cube.ide.mcu.externaltools.gnu-tools-for-stm32.13.3.rel1.win32_1.0.0.202411081344/tools/bin/../lib/gcc/arm-none-eabi/13.3.1/../../../../arm-none-eabi/lib/thumb/v8-m.main+fp/hard\libc_nano.a(libc_a-findfp.o)
 .text.global_stdio_init.part.0
                0x0800c360       0x3c C:/ST/STM32CubeIDE_1.12.1/STM32CubeIDE/plugins/com.st.stm32cube.ide.mcu.externaltools.gnu-tools-for-stm32.13.3.rel1.win32_1.0.0.202411081344/tools/bin/../lib/gcc/arm-none-eabi/13.3.1/../../../../arm-none-eabi/lib/thumb/v8-m.main+fp/hard\libc_nano.a(libc_a-findfp.o)
 .text.__sfp_lock_acquire
                0x0800c39c        0xc C:/ST/STM32CubeIDE_1.12.1/STM32CubeIDE/plugins/com.st.stm32cube.ide.mcu.externaltools.gnu-tools-for-stm32.13.3.rel1.win32_1.0.0.202411081344/tools/bin/../lib/gcc/arm-none-eabi/13.3.1/../../../../arm-none-eabi/lib/thumb/v8-m.main+fp/hard\libc_nano.a(libc_a-findfp.o)
                0x0800c39c                __sfp_lock_acquire
 .text.__sfp_lock_release
                0x0800c3a8        0xc C:/ST/STM32CubeIDE_1.12.1/STM32CubeIDE/plugins/com.st.stm32cube.ide.mcu.externaltools.gnu-tools-for-stm32.13.3.rel1.win32_1.0.0.202411081344/tools/bin/../lib/gcc/arm-none-eabi/13.3.1/../../../../arm-none-eabi/lib/thumb/v8-m.main+fp/hard\libc_nano.a(libc_a-findfp.o)
                0x0800c3a8                __sfp_lock_release
 .text.__sinit  0x0800c3b4       0x30 C:/ST/STM32CubeIDE_1.12.1/STM32CubeIDE/plugins/com.st.stm32cube.ide.mcu.externaltools.gnu-tools-for-stm32.13.3.rel1.win32_1.0.0.202411081344/tools/bin/../lib/gcc/arm-none-eabi/13.3.1/../../../../arm-none-eabi/lib/thumb/v8-m.main+fp/hard\libc_nano.a(libc_a-findfp.o)
                0x0800c3b4                __sinit
 .text._fwalk_sglue
                0x0800c3e4       0x3c C:/ST/STM32CubeIDE_1.12.1/STM32CubeIDE/plugins/com.st.stm32cube.ide.mcu.externaltools.gnu-tools-for-stm32.13.3.rel1.win32_1.0.0.202411081344/tools/bin/../lib/gcc/arm-none-eabi/13.3.1/../../../../arm-none-eabi/lib/thumb/v8-m.main+fp/hard\libc_nano.a(libc_a-fwalk.o)
                0x0800c3e4                _fwalk_sglue
 .text.printf   0x0800c420       0x24 C:/ST/STM32CubeIDE_1.12.1/STM32CubeIDE/plugins/com.st.stm32cube.ide.mcu.externaltools.gnu-tools-for-stm32.13.3.rel1.win32_1.0.0.202411081344/tools/bin/../lib/gcc/arm-none-eabi/13.3.1/../../../../arm-none-eabi/lib/thumb/v8-m.main+fp/hard\libc_nano.a(libc_a-printf.o)
                0x0800c420                iprintf
                0x0800c420                printf
 .text._puts_r  0x0800c444       0xaa C:/ST/STM32CubeIDE_1.12.1/STM32CubeIDE/plugins/com.st.stm32cube.ide.mcu.externaltools.gnu-tools-for-stm32.13.3.rel1.win32_1.0.0.202411081344/tools/bin/../lib/gcc/arm-none-eabi/13.3.1/../../../../arm-none-eabi/lib/thumb/v8-m.main+fp/hard\libc_nano.a(libc_a-puts.o)
                0x0800c444                _puts_r
 *fill*         0x0800c4ee        0x2 
 .text.puts     0x0800c4f0       0x10 C:/ST/STM32CubeIDE_1.12.1/STM32CubeIDE/plugins/com.st.stm32cube.ide.mcu.externaltools.gnu-tools-for-stm32.13.3.rel1.win32_1.0.0.202411081344/tools/bin/../lib/gcc/arm-none-eabi/13.3.1/../../../../arm-none-eabi/lib/thumb/v8-m.main+fp/hard\libc_nano.a(libc_a-puts.o)
                0x0800c4f0                puts
 .text.__sread  0x0800c500       0x22 C:/ST/STM32CubeIDE_1.12.1/STM32CubeIDE/plugins/com.st.stm32cube.ide.mcu.externaltools.gnu-tools-for-stm32.13.3.rel1.win32_1.0.0.202411081344/tools/bin/../lib/gcc/arm-none-eabi/13.3.1/../../../../arm-none-eabi/lib/thumb/v8-m.main+fp/hard\libc_nano.a(libc_a-stdio.o)
                0x0800c500                __sread
 .text.__swrite
                0x0800c522       0x38 C:/ST/STM32CubeIDE_1.12.1/STM32CubeIDE/plugins/com.st.stm32cube.ide.mcu.externaltools.gnu-tools-for-stm32.13.3.rel1.win32_1.0.0.202411081344/tools/bin/../lib/gcc/arm-none-eabi/13.3.1/../../../../arm-none-eabi/lib/thumb/v8-m.main+fp/hard\libc_nano.a(libc_a-stdio.o)
                0x0800c522                __swrite
 .text.__sseek  0x0800c55a       0x24 C:/ST/STM32CubeIDE_1.12.1/STM32CubeIDE/plugins/com.st.stm32cube.ide.mcu.externaltools.gnu-tools-for-stm32.13.3.rel1.win32_1.0.0.202411081344/tools/bin/../lib/gcc/arm-none-eabi/13.3.1/../../../../arm-none-eabi/lib/thumb/v8-m.main+fp/hard\libc_nano.a(libc_a-stdio.o)
                0x0800c55a                __sseek
 .text.__sclose
                0x0800c57e        0x8 C:/ST/STM32CubeIDE_1.12.1/STM32CubeIDE/plugins/com.st.stm32cube.ide.mcu.externaltools.gnu-tools-for-stm32.13.3.rel1.win32_1.0.0.202411081344/tools/bin/../lib/gcc/arm-none-eabi/13.3.1/../../../../arm-none-eabi/lib/thumb/v8-m.main+fp/hard\libc_nano.a(libc_a-stdio.o)
                0x0800c57e                __sclose
 .text.__swbuf_r
                0x0800c586       0x7c C:/ST/STM32CubeIDE_1.12.1/STM32CubeIDE/plugins/com.st.stm32cube.ide.mcu.externaltools.gnu-tools-for-stm32.13.3.rel1.win32_1.0.0.202411081344/tools/bin/../lib/gcc/arm-none-eabi/13.3.1/../../../../arm-none-eabi/lib/thumb/v8-m.main+fp/hard\libc_nano.a(libc_a-wbuf.o)
                0x0800c586                __swbuf_r
 *fill*         0x0800c602        0x2 
 .text.__swsetup_r
                0x0800c604       0xac C:/ST/STM32CubeIDE_1.12.1/STM32CubeIDE/plugins/com.st.stm32cube.ide.mcu.externaltools.gnu-tools-for-stm32.13.3.rel1.win32_1.0.0.202411081344/tools/bin/../lib/gcc/arm-none-eabi/13.3.1/../../../../arm-none-eabi/lib/thumb/v8-m.main+fp/hard\libc_nano.a(libc_a-wsetup.o)
                0x0800c604                __swsetup_r
 .text.memset   0x0800c6b0       0x10 C:/ST/STM32CubeIDE_1.12.1/STM32CubeIDE/plugins/com.st.stm32cube.ide.mcu.externaltools.gnu-tools-for-stm32.13.3.rel1.win32_1.0.0.202411081344/tools/bin/../lib/gcc/arm-none-eabi/13.3.1/../../../../arm-none-eabi/lib/thumb/v8-m.main+fp/hard\libc_nano.a(libc_a-memset.o)
                0x0800c6b0                memset
 .text._close_r
                0x0800c6c0       0x20 C:/ST/STM32CubeIDE_1.12.1/STM32CubeIDE/plugins/com.st.stm32cube.ide.mcu.externaltools.gnu-tools-for-stm32.13.3.rel1.win32_1.0.0.202411081344/tools/bin/../lib/gcc/arm-none-eabi/13.3.1/../../../../arm-none-eabi/lib/thumb/v8-m.main+fp/hard\libc_nano.a(libc_a-closer.o)
                0x0800c6c0                _close_r
 .text._lseek_r
                0x0800c6e0       0x24 C:/ST/STM32CubeIDE_1.12.1/STM32CubeIDE/plugins/com.st.stm32cube.ide.mcu.externaltools.gnu-tools-for-stm32.13.3.rel1.win32_1.0.0.202411081344/tools/bin/../lib/gcc/arm-none-eabi/13.3.1/../../../../arm-none-eabi/lib/thumb/v8-m.main+fp/hard\libc_nano.a(libc_a-lseekr.o)
                0x0800c6e0                _lseek_r
 .text._read_r  0x0800c704       0x24 C:/ST/STM32CubeIDE_1.12.1/STM32CubeIDE/plugins/com.st.stm32cube.ide.mcu.externaltools.gnu-tools-for-stm32.13.3.rel1.win32_1.0.0.202411081344/tools/bin/../lib/gcc/arm-none-eabi/13.3.1/../../../../arm-none-eabi/lib/thumb/v8-m.main+fp/hard\libc_nano.a(libc_a-readr.o)
                0x0800c704                _read_r
 .text._sbrk_r  0x0800c728       0x20 C:/ST/STM32CubeIDE_1.12.1/STM32CubeIDE/plugins/com.st.stm32cube.ide.mcu.externaltools.gnu-tools-for-stm32.13.3.rel1.win32_1.0.0.202411081344/tools/bin/../lib/gcc/arm-none-eabi/13.3.1/../../../../arm-none-eabi/lib/thumb/v8-m.main+fp/hard\libc_nano.a(libc_a-sbrkr.o)
                0x0800c728                _sbrk_r
 .text._write_r
                0x0800c748       0x24 C:/ST/STM32CubeIDE_1.12.1/STM32CubeIDE/plugins/com.st.stm32cube.ide.mcu.externaltools.gnu-tools-for-stm32.13.3.rel1.win32_1.0.0.202411081344/tools/bin/../lib/gcc/arm-none-eabi/13.3.1/../../../../arm-none-eabi/lib/thumb/v8-m.main+fp/hard\libc_nano.a(libc_a-writer.o)
                0x0800c748                _write_r
 .text.__errno  0x0800c76c        0xc C:/ST/STM32CubeIDE_1.12.1/STM32CubeIDE/plugins/com.st.stm32cube.ide.mcu.externaltools.gnu-tools-for-stm32.13.3.rel1.win32_1.0.0.202411081344/tools/bin/../lib/gcc/arm-none-eabi/13.3.1/../../../../arm-none-eabi/lib/thumb/v8-m.main+fp/hard\libc_nano.a(libc_a-errno.o)
                0x0800c76c                __errno
 .text.__libc_init_array
                0x0800c778       0x48 C:/ST/STM32CubeIDE_1.12.1/STM32CubeIDE/plugins/com.st.stm32cube.ide.mcu.externaltools.gnu-tools-for-stm32.13.3.rel1.win32_1.0.0.202411081344/tools/bin/../lib/gcc/arm-none-eabi/13.3.1/../../../../arm-none-eabi/lib/thumb/v8-m.main+fp/hard\libc_nano.a(libc_a-init.o)
                0x0800c778                __libc_init_array
 .text.__retarget_lock_init_recursive
                0x0800c7c0        0x2 C:/ST/STM32CubeIDE_1.12.1/STM32CubeIDE/plugins/com.st.stm32cube.ide.mcu.externaltools.gnu-tools-for-stm32.13.3.rel1.win32_1.0.0.202411081344/tools/bin/../lib/gcc/arm-none-eabi/13.3.1/../../../../arm-none-eabi/lib/thumb/v8-m.main+fp/hard\libc_nano.a(libc_a-lock.o)
                0x0800c7c0                __retarget_lock_init_recursive
 .text.__retarget_lock_acquire_recursive
                0x0800c7c2        0x2 C:/ST/STM32CubeIDE_1.12.1/STM32CubeIDE/plugins/com.st.stm32cube.ide.mcu.externaltools.gnu-tools-for-stm32.13.3.rel1.win32_1.0.0.202411081344/tools/bin/../lib/gcc/arm-none-eabi/13.3.1/../../../../arm-none-eabi/lib/thumb/v8-m.main+fp/hard\libc_nano.a(libc_a-lock.o)
                0x0800c7c2                __retarget_lock_acquire_recursive
 .text.__retarget_lock_release_recursive
                0x0800c7c4        0x2 C:/ST/STM32CubeIDE_1.12.1/STM32CubeIDE/plugins/com.st.stm32cube.ide.mcu.externaltools.gnu-tools-for-stm32.13.3.rel1.win32_1.0.0.202411081344/tools/bin/../lib/gcc/arm-none-eabi/13.3.1/../../../../arm-none-eabi/lib/thumb/v8-m.main+fp/hard\libc_nano.a(libc_a-lock.o)
                0x0800c7c4                __retarget_lock_release_recursive
 .text.memcpy   0x0800c7c6       0x1a C:/ST/STM32CubeIDE_1.12.1/STM32CubeIDE/plugins/com.st.stm32cube.ide.mcu.externaltools.gnu-tools-for-stm32.13.3.rel1.win32_1.0.0.202411081344/tools/bin/../lib/gcc/arm-none-eabi/13.3.1/../../../../arm-none-eabi/lib/thumb/v8-m.main+fp/hard\libc_nano.a(libc_a-memcpy-stub.o)
                0x0800c7c6                memcpy
 .text._free_r  0x0800c7e0       0x94 C:/ST/STM32CubeIDE_1.12.1/STM32CubeIDE/plugins/com.st.stm32cube.ide.mcu.externaltools.gnu-tools-for-stm32.13.3.rel1.win32_1.0.0.202411081344/tools/bin/../lib/gcc/arm-none-eabi/13.3.1/../../../../arm-none-eabi/lib/thumb/v8-m.main+fp/hard\libc_nano.a(libc_a-freer.o)
                0x0800c7e0                _free_r
 .text.__sfputc_r
                0x0800c874       0x2e C:/ST/STM32CubeIDE_1.12.1/STM32CubeIDE/plugins/com.st.stm32cube.ide.mcu.externaltools.gnu-tools-for-stm32.13.3.rel1.win32_1.0.0.202411081344/tools/bin/../lib/gcc/arm-none-eabi/13.3.1/../../../../arm-none-eabi/lib/thumb/v8-m.main+fp/hard\libc_nano.a(libc_a-nano-vfprintf.o)
 .text.__sfputs_r
                0x0800c8a2       0x24 C:/ST/STM32CubeIDE_1.12.1/STM32CubeIDE/plugins/com.st.stm32cube.ide.mcu.externaltools.gnu-tools-for-stm32.13.3.rel1.win32_1.0.0.202411081344/tools/bin/../lib/gcc/arm-none-eabi/13.3.1/../../../../arm-none-eabi/lib/thumb/v8-m.main+fp/hard\libc_nano.a(libc_a-nano-vfprintf.o)
                0x0800c8a2                __sfputs_r
 *fill*         0x0800c8c6        0x2 
 .text._vfprintf_r
                0x0800c8c8      0x230 C:/ST/STM32CubeIDE_1.12.1/STM32CubeIDE/plugins/com.st.stm32cube.ide.mcu.externaltools.gnu-tools-for-stm32.13.3.rel1.win32_1.0.0.202411081344/tools/bin/../lib/gcc/arm-none-eabi/13.3.1/../../../../arm-none-eabi/lib/thumb/v8-m.main+fp/hard\libc_nano.a(libc_a-nano-vfprintf.o)
                0x0800c8c8                _vfprintf_r
                0x0800c8c8                _vfiprintf_r
 .text._printf_common
                0x0800caf8       0xe4 C:/ST/STM32CubeIDE_1.12.1/STM32CubeIDE/plugins/com.st.stm32cube.ide.mcu.externaltools.gnu-tools-for-stm32.13.3.rel1.win32_1.0.0.202411081344/tools/bin/../lib/gcc/arm-none-eabi/13.3.1/../../../../arm-none-eabi/lib/thumb/v8-m.main+fp/hard\libc_nano.a(libc_a-nano-vfprintf_i.o)
                0x0800caf8                _printf_common
 .text._printf_i
                0x0800cbdc      0x23c C:/ST/STM32CubeIDE_1.12.1/STM32CubeIDE/plugins/com.st.stm32cube.ide.mcu.externaltools.gnu-tools-for-stm32.13.3.rel1.win32_1.0.0.202411081344/tools/bin/../lib/gcc/arm-none-eabi/13.3.1/../../../../arm-none-eabi/lib/thumb/v8-m.main+fp/hard\libc_nano.a(libc_a-nano-vfprintf_i.o)
                0x0800cbdc                _printf_i
 .text.__sflush_r
                0x0800ce18      0x108 C:/ST/STM32CubeIDE_1.12.1/STM32CubeIDE/plugins/com.st.stm32cube.ide.mcu.externaltools.gnu-tools-for-stm32.13.3.rel1.win32_1.0.0.202411081344/tools/bin/../lib/gcc/arm-none-eabi/13.3.1/../../../../arm-none-eabi/lib/thumb/v8-m.main+fp/hard\libc_nano.a(libc_a-fflush.o)
                0x0800ce18                __sflush_r
 .text._fflush_r
                0x0800cf20       0x50 C:/ST/STM32CubeIDE_1.12.1/STM32CubeIDE/plugins/com.st.stm32cube.ide.mcu.externaltools.gnu-tools-for-stm32.13.3.rel1.win32_1.0.0.202411081344/tools/bin/../lib/gcc/arm-none-eabi/13.3.1/../../../../arm-none-eabi/lib/thumb/v8-m.main+fp/hard\libc_nano.a(libc_a-fflush.o)
                0x0800cf20                _fflush_r
 .text.__swhatbuf_r
                0x0800cf70       0x4a C:/ST/STM32CubeIDE_1.12.1/STM32CubeIDE/plugins/com.st.stm32cube.ide.mcu.externaltools.gnu-tools-for-stm32.13.3.rel1.win32_1.0.0.202411081344/tools/bin/../lib/gcc/arm-none-eabi/13.3.1/../../../../arm-none-eabi/lib/thumb/v8-m.main+fp/hard\libc_nano.a(libc_a-makebuf.o)
                0x0800cf70                __swhatbuf_r
 .text.__smakebuf_r
                0x0800cfba       0x78 C:/ST/STM32CubeIDE_1.12.1/STM32CubeIDE/plugins/com.st.stm32cube.ide.mcu.externaltools.gnu-tools-for-stm32.13.3.rel1.win32_1.0.0.202411081344/tools/bin/../lib/gcc/arm-none-eabi/13.3.1/../../../../arm-none-eabi/lib/thumb/v8-m.main+fp/hard\libc_nano.a(libc_a-makebuf.o)
                0x0800cfba                __smakebuf_r
 *fill*         0x0800d032        0x2 
 .text._fstat_r
                0x0800d034       0x24 C:/ST/STM32CubeIDE_1.12.1/STM32CubeIDE/plugins/com.st.stm32cube.ide.mcu.externaltools.gnu-tools-for-stm32.13.3.rel1.win32_1.0.0.202411081344/tools/bin/../lib/gcc/arm-none-eabi/13.3.1/../../../../arm-none-eabi/lib/thumb/v8-m.main+fp/hard\libc_nano.a(libc_a-fstatr.o)
                0x0800d034                _fstat_r
 .text._isatty_r
                0x0800d058       0x20 C:/ST/STM32CubeIDE_1.12.1/STM32CubeIDE/plugins/com.st.stm32cube.ide.mcu.externaltools.gnu-tools-for-stm32.13.3.rel1.win32_1.0.0.202411081344/tools/bin/../lib/gcc/arm-none-eabi/13.3.1/../../../../arm-none-eabi/lib/thumb/v8-m.main+fp/hard\libc_nano.a(libc_a-isattyr.o)
                0x0800d058                _isatty_r
 .text.memchr   0x0800d078       0x1c C:/ST/STM32CubeIDE_1.12.1/STM32CubeIDE/plugins/com.st.stm32cube.ide.mcu.externaltools.gnu-tools-for-stm32.13.3.rel1.win32_1.0.0.202411081344/tools/bin/../lib/gcc/arm-none-eabi/13.3.1/../../../../arm-none-eabi/lib/thumb/v8-m.main+fp/hard\libc_nano.a(libc_a-memchr-stub.o)
                0x0800d078                memchr
 *(.glue_7)
 .glue_7        0x0800d094        0x0 linker stubs
 *(.glue_7t)
 .glue_7t       0x0800d094        0x0 linker stubs
 *(.eh_frame)
 .eh_frame      0x0800d094        0x0 C:/ST/STM32CubeIDE_1.12.1/STM32CubeIDE/plugins/com.st.stm32cube.ide.mcu.externaltools.gnu-tools-for-stm32.13.3.rel1.win32_1.0.0.202411081344/tools/bin/../lib/gcc/arm-none-eabi/13.3.1/thumb/v8-m.main+fp/hard/crtbegin.o
 *(.init)
 .init          0x0800d094        0x4 C:/ST/STM32CubeIDE_1.12.1/STM32CubeIDE/plugins/com.st.stm32cube.ide.mcu.externaltools.gnu-tools-for-stm32.13.3.rel1.win32_1.0.0.202411081344/tools/bin/../lib/gcc/arm-none-eabi/13.3.1/thumb/v8-m.main+fp/hard/crti.o
                0x0800d094                _init
 .init          0x0800d098        0x8 C:/ST/STM32CubeIDE_1.12.1/STM32CubeIDE/plugins/com.st.stm32cube.ide.mcu.externaltools.gnu-tools-for-stm32.13.3.rel1.win32_1.0.0.202411081344/tools/bin/../lib/gcc/arm-none-eabi/13.3.1/thumb/v8-m.main+fp/hard/crtn.o
 *(.fini)
 .fini          0x0800d0a0        0x4 C:/ST/STM32CubeIDE_1.12.1/STM32CubeIDE/plugins/com.st.stm32cube.ide.mcu.externaltools.gnu-tools-for-stm32.13.3.rel1.win32_1.0.0.202411081344/tools/bin/../lib/gcc/arm-none-eabi/13.3.1/thumb/v8-m.main+fp/hard/crti.o
                0x0800d0a0                _fini
 .fini          0x0800d0a4        0x8 C:/ST/STM32CubeIDE_1.12.1/STM32CubeIDE/plugins/com.st.stm32cube.ide.mcu.externaltools.gnu-tools-for-stm32.13.3.rel1.win32_1.0.0.202411081344/tools/bin/../lib/gcc/arm-none-eabi/13.3.1/thumb/v8-m.main+fp/hard/crtn.o
                0x0800d0ac                        . = ALIGN (0x4)
                0x0800d0ac                        _etext = .

.vfp11_veneer   0x0800d0ac        0x0
 .vfp11_veneer  0x0800d0ac        0x0 linker stubs

.v4_bx          0x0800d0ac        0x0
 .v4_bx         0x0800d0ac        0x0 linker stubs

.iplt           0x0800d0ac        0x0
 .iplt          0x0800d0ac        0x0 C:/ST/STM32CubeIDE_1.12.1/STM32CubeIDE/plugins/com.st.stm32cube.ide.mcu.externaltools.gnu-tools-for-stm32.13.3.rel1.win32_1.0.0.202411081344/tools/bin/../lib/gcc/arm-none-eabi/13.3.1/thumb/v8-m.main+fp/hard/crtbegin.o

.rodata         0x0800d0ac      0x294
                0x0800d0ac                        . = ALIGN (0x4)
 *(.rodata)
 .rodata        0x0800d0ac       0xa7 ./Core/Src/WifiApp.o
 *fill*         0x0800d153        0x1 
 .rodata        0x0800d154       0x15 ./Core/Src/app_freertos.o
 *fill*         0x0800d169        0x3 
 .rodata        0x0800d16c       0x1b ./Core/Src/main.o
 *fill*         0x0800d187        0x1 
 .rodata        0x0800d188        0x5 ./Middlewares/Third_Party/FreeRTOS/Source/tasks.o
 *fill*         0x0800d18d        0x3 
 .rodata        0x0800d190        0xd ./Middlewares/Third_Party/FreeRTOS/Source/timers.o
 *(.rodata*)
 *fill*         0x0800d19d        0x3 
 .rodata.defaultTask_attributes
                0x0800d1a0       0x24 ./Core/Src/app_freertos.o
                0x0800d1a0                defaultTask_attributes
 .rodata.AHBPrescTable
                0x0800d1c4       0x10 ./Core/Src/system_stm32h5xx.o
                0x0800d1c4                AHBPrescTable
 .rodata.APBPrescTable
                0x0800d1d4        0x8 ./Core/Src/system_stm32h5xx.o
                0x0800d1d4                APBPrescTable
 .rodata.BUTTON_EXTI_LINE.2
                0x0800d1dc        0x4 ./Drivers/BSP/STM32H5xx_Nucleo/stm32h5xx_nucleo.o
 .rodata.UARTPrescTable
                0x0800d1e0       0x18 ./Drivers/STM32H5xx_HAL_Driver/Src/stm32h5xx_hal_uart.o
                0x0800d1e0                UARTPrescTable
 .rodata.numerator.1
                0x0800d1f8        0x8 ./Drivers/STM32H5xx_HAL_Driver/Src/stm32h5xx_hal_uart_ex.o
 .rodata.denominator.0
                0x0800d200        0x8 ./Drivers/STM32H5xx_HAL_Driver/Src/stm32h5xx_hal_uart_ex.o
 .rodata.uxTopUsedPriority
                0x0800d208        0x4 ./Middlewares/Third_Party/FreeRTOS/Source/tasks.o
                0x0800d208                uxTopUsedPriority
 .rodata.crc7_syndrome_table
                0x0800d20c      0x100 ./winc1500/driver/source/nmspi.o
 .rodata._vfprintf_r.str1.1
                0x0800d30c       0x33 C:/ST/STM32CubeIDE_1.12.1/STM32CubeIDE/plugins/com.st.stm32cube.ide.mcu.externaltools.gnu-tools-for-stm32.13.3.rel1.win32_1.0.0.202411081344/tools/bin/../lib/gcc/arm-none-eabi/13.3.1/../../../../arm-none-eabi/lib/thumb/v8-m.main+fp/hard\libc_nano.a(libc_a-nano-vfprintf.o)
                                 0x11 (size before relaxing)
 .rodata._printf_i.str1.1
                0x0800d33f       0x22 C:/ST/STM32CubeIDE_1.12.1/STM32CubeIDE/plugins/com.st.stm32cube.ide.mcu.externaltools.gnu-tools-for-stm32.13.3.rel1.win32_1.0.0.202411081344/tools/bin/../lib/gcc/arm-none-eabi/13.3.1/../../../../arm-none-eabi/lib/thumb/v8-m.main+fp/hard\libc_nano.a(libc_a-nano-vfprintf_i.o)
                0x0800d364                        . = ALIGN (0x4)
 *fill*         0x0800d33f        0x1 

.ARM.extab      0x0800d340        0x0
                0x0800d340                        . = ALIGN (0x4)
 *(.ARM.extab* .gnu.linkonce.armextab.*)
                0x0800d340                        . = ALIGN (0x4)

.ARM            0x0800d340        0x8
                0x0800d340                        . = ALIGN (0x4)
                0x0800d340                        __exidx_start = .
 *(.ARM.exidx*)
 .ARM.exidx     0x0800d340        0x8 C:/ST/STM32CubeIDE_1.12.1/STM32CubeIDE/plugins/com.st.stm32cube.ide.mcu.externaltools.gnu-tools-for-stm32.13.3.rel1.win32_1.0.0.202411081344/tools/bin/../lib/gcc/arm-none-eabi/13.3.1/thumb/v8-m.main+fp/hard\libgcc.a(_udivmoddi4.o)
                0x0800d348                        __exidx_end = .
                0x0800d348                        . = ALIGN (0x4)

.preinit_array  0x0800d348        0x0
                0x0800d348                        . = ALIGN (0x4)
                0x0800d348                        PROVIDE (__preinit_array_start = .)
 *(.preinit_array*)
                0x0800d348                        PROVIDE (__preinit_array_end = .)
                0x0800d348                        . = ALIGN (0x4)

.init_array     0x0800d348        0x4
                0x0800d348                        . = ALIGN (0x4)
                0x0800d348                        PROVIDE (__init_array_start = .)
 *(SORT_BY_NAME(.init_array.*))
 *(.init_array*)
 .init_array    0x0800d348        0x4 C:/ST/STM32CubeIDE_1.12.1/STM32CubeIDE/plugins/com.st.stm32cube.ide.mcu.externaltools.gnu-tools-for-stm32.13.3.rel1.win32_1.0.0.202411081344/tools/bin/../lib/gcc/arm-none-eabi/13.3.1/thumb/v8-m.main+fp/hard/crtbegin.o
                0x0800d34c                        PROVIDE (__init_array_end = .)
                0x0800d34c                        . = ALIGN (0x4)

.fini_array     0x0800d34c        0x4
                0x0800d34c                        . = ALIGN (0x4)
                [!provide]                        PROVIDE (__fini_array_start = .)
 *(SORT_BY_NAME(.fini_array.*))
 *(.fini_array*)
 .fini_array    0x0800d34c        0x4 C:/ST/STM32CubeIDE_1.12.1/STM32CubeIDE/plugins/com.st.stm32cube.ide.mcu.externaltools.gnu-tools-for-stm32.13.3.rel1.win32_1.0.0.202411081344/tools/bin/../lib/gcc/arm-none-eabi/13.3.1/thumb/v8-m.main+fp/hard/crtbegin.o
                [!provide]                        PROVIDE (__fini_array_end = .)
                0x0800d350                        . = ALIGN (0x4)
                0x0800d350                        _sidata = LOADADDR (.data)

.rel.dyn        0x0800d350        0x0
 .rel.iplt      0x0800d350        0x0 C:/ST/STM32CubeIDE_1.12.1/STM32CubeIDE/plugins/com.st.stm32cube.ide.mcu.externaltools.gnu-tools-for-stm32.13.3.rel1.win32_1.0.0.202411081344/tools/bin/../lib/gcc/arm-none-eabi/13.3.1/thumb/v8-m.main+fp/hard/crtbegin.o

.data           0x20000000       0x88 load address 0x0800d350
                0x20000000                        . = ALIGN (0x4)
                0x20000000                        _sdata = .
 *(.data)
 *(.data*)
 .data.SystemCoreClock
                0x20000000        0x4 ./Core/Src/system_stm32h5xx.o
                0x20000000                SystemCoreClock
 .data.COM_USART
                0x20000004        0x4 ./Drivers/BSP/STM32H5xx_Nucleo/stm32h5xx_nucleo.o
                0x20000004                COM_USART
 .data.LED_PORT
                0x20000008        0x4 ./Drivers/BSP/STM32H5xx_Nucleo/stm32h5xx_nucleo.o
 .data.BUTTON_PORT
                0x2000000c        0x4 ./Drivers/BSP/STM32H5xx_Nucleo/stm32h5xx_nucleo.o
 .data.ButtonCallback.1
                0x20000010        0x4 ./Drivers/BSP/STM32H5xx_Nucleo/stm32h5xx_nucleo.o
 .data.BSP_BUTTON_PRIO.0
                0x20000014        0x4 ./Drivers/BSP/STM32H5xx_Nucleo/stm32h5xx_nucleo.o
 .data.uwTickPrio
                0x20000018        0x4 ./Drivers/STM32H5xx_HAL_Driver/Src/stm32h5xx_hal.o
                0x20000018                uwTickPrio
 .data.uwTickFreq
                0x2000001c        0x1 ./Drivers/STM32H5xx_HAL_Driver/Src/stm32h5xx_hal.o
                0x2000001c                uwTickFreq
 *fill*         0x2000001d        0x3 
 .data.ulCriticalNesting
                0x20000020        0x4 ./Middlewares/Third_Party/FreeRTOS/Source/portable/GCC/ARM_CM33_NTZ/non_secure/port.o
 .data.egstrNmBusCapabilities
                0x20000024        0x2 ./winc1500/bus_wrapper/source/nm_bus_wrapper_stm32h5.o
                0x20000024                egstrNmBusCapabilities
 *fill*         0x20000026        0x2 
 .data.gu321xTlsHsFlags
                0x20000028        0x4 ./winc1500/driver/source/m2m_wifi.o
 .data.__sglue  0x2000002c        0xc C:/ST/STM32CubeIDE_1.12.1/STM32CubeIDE/plugins/com.st.stm32cube.ide.mcu.externaltools.gnu-tools-for-stm32.13.3.rel1.win32_1.0.0.202411081344/tools/bin/../lib/gcc/arm-none-eabi/13.3.1/../../../../arm-none-eabi/lib/thumb/v8-m.main+fp/hard\libc_nano.a(libc_a-findfp.o)
                0x2000002c                __sglue
 .data._impure_ptr
                0x20000038        0x4 C:/ST/STM32CubeIDE_1.12.1/STM32CubeIDE/plugins/com.st.stm32cube.ide.mcu.externaltools.gnu-tools-for-stm32.13.3.rel1.win32_1.0.0.202411081344/tools/bin/../lib/gcc/arm-none-eabi/13.3.1/../../../../arm-none-eabi/lib/thumb/v8-m.main+fp/hard\libc_nano.a(libc_a-impure.o)
                0x20000038                _impure_ptr
 .data._impure_data
                0x2000003c       0x4c C:/ST/STM32CubeIDE_1.12.1/STM32CubeIDE/plugins/com.st.stm32cube.ide.mcu.externaltools.gnu-tools-for-stm32.13.3.rel1.win32_1.0.0.202411081344/tools/bin/../lib/gcc/arm-none-eabi/13.3.1/../../../../arm-none-eabi/lib/thumb/v8-m.main+fp/hard\libc_nano.a(libc_a-impure.o)
                0x2000003c                _impure_data
 *(.RamFunc)
 *(.RamFunc*)
                0x20000088                        . = ALIGN (0x4)
                0x20000088                        _edata = .

.igot.plt       0x20000088        0x0 load address 0x0800d3d8
 .igot.plt      0x20000088        0x0 C:/ST/STM32CubeIDE_1.12.1/STM32CubeIDE/plugins/com.st.stm32cube.ide.mcu.externaltools.gnu-tools-for-stm32.13.3.rel1.win32_1.0.0.202411081344/tools/bin/../lib/gcc/arm-none-eabi/13.3.1/thumb/v8-m.main+fp/hard/crtbegin.o
                0x20000088                        . = ALIGN (0x4)

.bss            0x20000088     0x3188 load address 0x0800d3d8
                0x20000088                        _sbss = .
                0x20000088                        __bss_start__ = _sbss
 *(.bss)
 .bss           0x20000088       0x1c C:/ST/STM32CubeIDE_1.12.1/STM32CubeIDE/plugins/com.st.stm32cube.ide.mcu.externaltools.gnu-tools-for-stm32.13.3.rel1.win32_1.0.0.202411081344/tools/bin/../lib/gcc/arm-none-eabi/13.3.1/thumb/v8-m.main+fp/hard/crtbegin.o
 *(.bss*)
 .bss.defaultTaskHandle
                0x200000a4        0x4 ./Core/Src/app_freertos.o
                0x200000a4                defaultTaskHandle
 .bss.BspCOMInit
                0x200000a8       0x10 ./Core/Src/main.o
                0x200000a8                BspCOMInit
 .bss.BspButtonState
                0x200000b8        0x4 ./Core/Src/main.o
                0x200000b8                BspButtonState
 .bss.hspi1     0x200000bc       0x90 ./Core/Src/main.o
                0x200000bc                hspi1
 .bss.hspi2     0x2000014c       0x90 ./Core/Src/main.o
                0x2000014c                hspi2
 .bss.huart2    0x200001dc       0x94 ./Core/Src/main.o
                0x200001dc                huart2
 .bss.htim1     0x20000270       0x4c ./Core/Src/stm32h5xx_hal_timebase_tim.o
                0x20000270                htim1
 .bss.__sbrk_heap_end
                0x200002bc        0x4 ./Core/Src/sysmem.o
 .bss.hpb_exti  0x200002c0        0xc ./Drivers/BSP/STM32H5xx_Nucleo/stm32h5xx_nucleo.o
                0x200002c0                hpb_exti
 .bss.hcom_uart
                0x200002cc       0x94 ./Drivers/BSP/STM32H5xx_Nucleo/stm32h5xx_nucleo.o
                0x200002cc                hcom_uart
 .bss.COM_ActiveLogPort
                0x20000360        0x1 ./Drivers/BSP/STM32H5xx_Nucleo/stm32h5xx_nucleo.o
 *fill*         0x20000361        0x3 
 .bss.uwTick    0x20000364        0x4 ./Drivers/STM32H5xx_HAL_Driver/Src/stm32h5xx_hal.o
                0x20000364                uwTick
 .bss.KernelState
                0x20000368        0x4 ./Middlewares/Third_Party/FreeRTOS/Source/CMSIS_RTOS_V2/cmsis_os2.o
 .bss.Idle_TCB.3
                0x2000036c       0x5c ./Middlewares/Third_Party/FreeRTOS/Source/CMSIS_RTOS_V2/cmsis_os2.o
 .bss.Idle_Stack.2
                0x200003c8      0x200 ./Middlewares/Third_Party/FreeRTOS/Source/CMSIS_RTOS_V2/cmsis_os2.o
 .bss.Timer_TCB.1
                0x200005c8       0x5c ./Middlewares/Third_Party/FreeRTOS/Source/CMSIS_RTOS_V2/cmsis_os2.o
 .bss.Timer_Stack.0
                0x20000624      0x200 ./Middlewares/Third_Party/FreeRTOS/Source/CMSIS_RTOS_V2/cmsis_os2.o
 .bss.xQueueRegistry
                0x20000824       0x40 ./Middlewares/Third_Party/FreeRTOS/Source/queue.o
                0x20000824                xQueueRegistry
 .bss.pxCurrentTCB
                0x20000864        0x4 ./Middlewares/Third_Party/FreeRTOS/Source/tasks.o
                0x20000864                pxCurrentTCB
 .bss.pxReadyTasksLists
                0x20000868      0x460 ./Middlewares/Third_Party/FreeRTOS/Source/tasks.o
 .bss.xDelayedTaskList1
                0x20000cc8       0x14 ./Middlewares/Third_Party/FreeRTOS/Source/tasks.o
 .bss.xDelayedTaskList2
                0x20000cdc       0x14 ./Middlewares/Third_Party/FreeRTOS/Source/tasks.o
 .bss.pxDelayedTaskList
                0x20000cf0        0x4 ./Middlewares/Third_Party/FreeRTOS/Source/tasks.o
 .bss.pxOverflowDelayedTaskList
                0x20000cf4        0x4 ./Middlewares/Third_Party/FreeRTOS/Source/tasks.o
 .bss.xPendingReadyList
                0x20000cf8       0x14 ./Middlewares/Third_Party/FreeRTOS/Source/tasks.o
 .bss.xTasksWaitingTermination
                0x20000d0c       0x14 ./Middlewares/Third_Party/FreeRTOS/Source/tasks.o
 .bss.uxDeletedTasksWaitingCleanUp
                0x20000d20        0x4 ./Middlewares/Third_Party/FreeRTOS/Source/tasks.o
 .bss.xSuspendedTaskList
                0x20000d24       0x14 ./Middlewares/Third_Party/FreeRTOS/Source/tasks.o
 .bss.uxCurrentNumberOfTasks
                0x20000d38        0x4 ./Middlewares/Third_Party/FreeRTOS/Source/tasks.o
 .bss.xTickCount
                0x20000d3c        0x4 ./Middlewares/Third_Party/FreeRTOS/Source/tasks.o
 .bss.uxTopReadyPriority
                0x20000d40        0x4 ./Middlewares/Third_Party/FreeRTOS/Source/tasks.o
 .bss.xSchedulerRunning
                0x20000d44        0x4 ./Middlewares/Third_Party/FreeRTOS/Source/tasks.o
 .bss.xPendedTicks
                0x20000d48        0x4 ./Middlewares/Third_Party/FreeRTOS/Source/tasks.o
 .bss.xYieldPending
                0x20000d4c        0x4 ./Middlewares/Third_Party/FreeRTOS/Source/tasks.o
 .bss.xNumOfOverflows
                0x20000d50        0x4 ./Middlewares/Third_Party/FreeRTOS/Source/tasks.o
 .bss.uxTaskNumber
                0x20000d54        0x4 ./Middlewares/Third_Party/FreeRTOS/Source/tasks.o
 .bss.xNextTaskUnblockTime
                0x20000d58        0x4 ./Middlewares/Third_Party/FreeRTOS/Source/tasks.o
 .bss.xIdleTaskHandle
                0x20000d5c        0x4 ./Middlewares/Third_Party/FreeRTOS/Source/tasks.o
 .bss.uxSchedulerSuspended
                0x20000d60        0x4 ./Middlewares/Third_Party/FreeRTOS/Source/tasks.o
 .bss.xActiveTimerList1
                0x20000d64       0x14 ./Middlewares/Third_Party/FreeRTOS/Source/timers.o
 .bss.xActiveTimerList2
                0x20000d78       0x14 ./Middlewares/Third_Party/FreeRTOS/Source/timers.o
 .bss.pxCurrentTimerList
                0x20000d8c        0x4 ./Middlewares/Third_Party/FreeRTOS/Source/timers.o
 .bss.pxOverflowTimerList
                0x20000d90        0x4 ./Middlewares/Third_Party/FreeRTOS/Source/timers.o
 .bss.xTimerQueue
                0x20000d94        0x4 ./Middlewares/Third_Party/FreeRTOS/Source/timers.o
 .bss.xTimerTaskHandle
                0x20000d98        0x4 ./Middlewares/Third_Party/FreeRTOS/Source/timers.o
 .bss.xLastTime.2
                0x20000d9c        0x4 ./Middlewares/Third_Party/FreeRTOS/Source/timers.o
 .bss.ucStaticTimerQueueStorage.1
                0x20000da0       0xa0 ./Middlewares/Third_Party/FreeRTOS/Source/timers.o
 .bss.xStaticTimerQueue.0
                0x20000e40       0x50 ./Middlewares/Third_Party/FreeRTOS/Source/timers.o
 .bss.ucMaxSysCallPriority
                0x20000e90        0x1 ./Middlewares/Third_Party/FreeRTOS/Source/portable/GCC/ARM_CM33_NTZ/non_secure/port.o
 *fill*         0x20000e91        0x3 
 .bss.ulMaxPRIGROUPValue
                0x20000e94        0x4 ./Middlewares/Third_Party/FreeRTOS/Source/portable/GCC/ARM_CM33_NTZ/non_secure/port.o
 .bss.ucHeap    0x20000e98     0x2000 ./Middlewares/Third_Party/FreeRTOS/Source/portable/MemMang/heap_4.o
 .bss.xStart    0x20002e98        0x8 ./Middlewares/Third_Party/FreeRTOS/Source/portable/MemMang/heap_4.o