../winc1500/driver/source/m2m_ssl.c:70:13:m2m_ssl_cb	152	static
../winc1500/driver/source/m2m_ssl.c:164:15:m2m_ssl_init	24	static
../winc1500/driver/source/m2m_ssl.c:189:15:m2m_ssl_handshake_rsp	48	static
../winc1500/driver/source/m2m_ssl.c:207:15:m2m_ssl_send_certs_to_winc	64	static
../winc1500/driver/source/m2m_ssl.c:301:15:m2m_ssl_retrieve_next_for_verifying	32	static
../winc1500/driver/source/m2m_ssl.c:378:15:m2m_ssl_retrieve_cert	40	static
../winc1500/driver/source/m2m_ssl.c:400:15:m2m_ssl_retrieve_hash	24	static
../winc1500/driver/source/m2m_ssl.c:439:14:m2m_ssl_stop_retrieving	8	static
../winc1500/driver/source/m2m_ssl.c:452:14:m2m_ssl_stop_processing_certs	8	static
../winc1500/driver/source/m2m_ssl.c:467:14:m2m_ssl_ecc_process_done	4	static
../winc1500/driver/source/m2m_ssl.c:491:15:m2m_ssl_set_active_ciphersuites	40	static
