../winc1500/driver/source/m2m_wifi.c:95:13:m2m_wifi_cb	184	static
../winc1500/driver/source/m2m_wifi.c:296:7:m2m_wifi_download_mode	16	static
../winc1500/driver/source/m2m_wifi.c:310:14:m2m_validate_ap_parameters	24	static
../winc1500/driver/source/m2m_wifi.c:376:14:m2m_validate_scan_options	24	static
../winc1500/driver/source/m2m_wifi.c:418:7:m2m_wifi_send_crl	40	static
../winc1500/driver/source/m2m_wifi.c:425:7:m2m_wifi_init_hold	16	static
../winc1500/driver/source/m2m_wifi.c:438:7:m2m_wifi_init_start	64	static
../winc1500/driver/source/m2m_wifi.c:494:7:m2m_wifi_init	24	static
../winc1500/driver/source/m2m_wifi.c:506:8:m2m_wifi_deinit	16	static
../winc1500/driver/source/m2m_wifi.c:516:6:m2m_wifi_yield	8	static
../winc1500/driver/source/m2m_wifi.c:521:7:m2m_wifi_handle_events	16	static
../winc1500/driver/source/m2m_wifi.c:526:7:m2m_wifi_delete_sc	72	static
../winc1500/driver/source/m2m_wifi.c:544:7:m2m_wifi_default_connect	24	static
../winc1500/driver/source/m2m_wifi.c:552:14:m2m_wifi_connect_prepare_msg	32	static
../winc1500/driver/source/m2m_wifi.c:622:7:m2m_wifi_connect_open	88	static
../winc1500/driver/source/m2m_wifi.c:640:7:m2m_wifi_connect_wep	24	static
../winc1500/driver/source/m2m_wifi.c:650:7:m2m_wifi_connect_psk	96	static
../winc1500/driver/source/m2m_wifi.c:714:7:m2m_wifi_1x_set_option	24	static
../winc1500/driver/source/m2m_wifi.c:792:7:m2m_wifi_1x_get_option	24	static
../winc1500/driver/source/m2m_wifi.c:838:7:m2m_wifi_connect_1x_mschap2	104	static
../winc1500/driver/source/m2m_wifi.c:916:7:m2m_wifi_connect_1x_tls	112	static
../winc1500/driver/source/m2m_wifi.c:1018:7:m2m_wifi_connect	32	static
../winc1500/driver/source/m2m_wifi.c:1023:7:m2m_wifi_connect_sc	96	static
../winc1500/driver/source/m2m_wifi.c:1091:7:m2m_wifi_disconnect	24	static
../winc1500/driver/source/m2m_wifi.c:1096:7:m2m_wifi_set_mac_address	40	static
../winc1500/driver/source/m2m_wifi.c:1104:7:m2m_wifi_set_static_ip	32	static
../winc1500/driver/source/m2m_wifi.c:1116:7:m2m_wifi_request_dhcp_client	4	static
../winc1500/driver/source/m2m_wifi.c:1122:7:m2m_wifi_request_dhcp_server	16	static
../winc1500/driver/source/m2m_wifi.c:1139:7:m2m_wifi_enable_dhcp	40	static
../winc1500/driver/source/m2m_wifi.c:1146:7:m2m_wifi_set_lsn_int	32	static
../winc1500/driver/source/m2m_wifi.c:1151:7:m2m_wifi_set_cust_InfoElement	40	static
../winc1500/driver/source/m2m_wifi.c:1164:7:m2m_wifi_set_scan_options	40	static
../winc1500/driver/source/m2m_wifi.c:1174:7:m2m_wifi_set_stop_scan_on_first	40	static
../winc1500/driver/source/m2m_wifi.c:1196:7:m2m_wifi_set_scan_region	40	static
../winc1500/driver/source/m2m_wifi.c:1204:7:m2m_wifi_request_scan	40	static
../winc1500/driver/source/m2m_wifi.c:1232:7:m2m_wifi_request_scan_passive	40	static
../winc1500/driver/source/m2m_wifi.c:1263:7:m2m_wifi_request_scan_ssid_list	48	static
../winc1500/driver/source/m2m_wifi.c:1302:7:m2m_wifi_wps	48	static
../winc1500/driver/source/m2m_wifi.c:1315:7:m2m_wifi_wps_disable	32	static
../winc1500/driver/source/m2m_wifi.c:1332:7:m2m_wifi_req_client_ctrl	24	static
../winc1500/driver/source/m2m_wifi.c:1355:7:m2m_wifi_req_server_init	24	static
../winc1500/driver/source/m2m_wifi.c:1368:7:m2m_wifi_p2p	40	static
../winc1500/driver/source/m2m_wifi.c:1385:7:m2m_wifi_p2p_disconnect	32	static
../winc1500/driver/source/m2m_wifi.c:1392:7:m2m_wifi_enable_ap	168	static
../winc1500/driver/source/m2m_wifi.c:1405:7:m2m_wifi_enable_ap_ext	40	static
../winc1500/driver/source/m2m_wifi.c:1415:7:m2m_wifi_set_gains	40	static
../winc1500/driver/source/m2m_wifi.c:1425:7:m2m_wifi_disable_ap	32	static
../winc1500/driver/source/m2m_wifi.c:1439:7:m2m_wifi_req_curr_rssi	32	static
../winc1500/driver/source/m2m_wifi.c:1445:7:m2m_wifi_send_ethernet_pkt	40	static
../winc1500/driver/source/m2m_wifi.c:1473:7:m2m_wifi_get_otp_mac_address	24	static
../winc1500/driver/source/m2m_wifi.c:1498:7:m2m_wifi_get_mac_address	24	static
../winc1500/driver/source/m2m_wifi.c:1529:7:m2m_wifi_req_scan_result	40	static
../winc1500/driver/source/m2m_wifi.c:1550:7:m2m_wifi_get_num_ap_found	4	static
../winc1500/driver/source/m2m_wifi.c:1561:7:m2m_wifi_get_sleep_mode	8	static
../winc1500/driver/source/m2m_wifi.c:1580:7:m2m_wifi_set_sleep_mode	40	static
../winc1500/driver/source/m2m_wifi.c:1601:7:m2m_wifi_request_sleep	40	static
../winc1500/driver/source/m2m_wifi.c:1625:7:m2m_wifi_set_device_name	80	static
../winc1500/driver/source/m2m_wifi.c:1651:7:m2m_wifi_configure_sntp	72	static
../winc1500/driver/source/m2m_wifi.c:1665:7:m2m_wifi_get_firmware_version	24	static
../winc1500/driver/source/m2m_wifi.c:1677:7:m2m_wifi_start_provision_mode	176	static
../winc1500/driver/source/m2m_wifi.c:1690:7:m2m_wifi_start_provision_mode_ext	264	static
../winc1500/driver/source/m2m_wifi.c:1724:7:m2m_wifi_stop_provision_mode	24	static
../winc1500/driver/source/m2m_wifi.c:1729:7:m2m_wifi_get_connection_info	24	static
../winc1500/driver/source/m2m_wifi.c:1734:7:m2m_wifi_set_system_time	32	static
../winc1500/driver/source/m2m_wifi.c:1749:7:m2m_wifi_get_system_time	24	static
../winc1500/driver/source/m2m_wifi.c:1754:7:m2m_wifi_enable_sntp	40	static
../winc1500/driver/source/m2m_wifi.c:1772:7:m2m_wifi_set_power_profile	40	static
../winc1500/driver/source/m2m_wifi.c:1791:7:m2m_wifi_set_tx_power	40	static
../winc1500/driver/source/m2m_wifi.c:1810:7:m2m_wifi_set_gain_table_idx	40	static
../winc1500/driver/source/m2m_wifi.c:1830:7:m2m_wifi_enable_firmware_logs	40	static
../winc1500/driver/source/m2m_wifi.c:1850:7:m2m_wifi_set_battery_voltage	40	static
../winc1500/driver/source/m2m_wifi.c:1868:7:m2m_wifi_prng_get_random_bytes	48	static
../winc1500/driver/source/m2m_wifi.c:1905:15:m2m_wifi_conf_auto_rate	40	static
../winc1500/driver/source/m2m_wifi.c:1977:7:m2m_wifi_reinit	24	static
../winc1500/driver/source/m2m_wifi.c:1986:7:m2m_wifi_reinit_hold	8	static
../winc1500/driver/source/m2m_wifi.c:1992:7:m2m_wifi_reinit_start	16	static
../winc1500/driver/source/m2m_wifi.c:1997:7:m2m_wifi_get_state	4	static
../winc1500/driver/source/m2m_wifi.c:2002:7:m2m_wifi_enable_roaming	40	static
../winc1500/driver/source/m2m_wifi.c:2018:7:m2m_wifi_disable_roaming	32	static
../winc1500/driver/source/m2m_wifi.c:2025:7:m2m_wifi_enable_XO_during_sleep	40	static
