../winc1500/driver/source/m2m_wifi.c:93:13:m2m_wifi_cb	184	static
../winc1500/driver/source/m2m_wifi.c:294:7:m2m_wifi_download_mode	16	static
../winc1500/driver/source/m2m_wifi.c:308:14:m2m_validate_ap_parameters	24	static
../winc1500/driver/source/m2m_wifi.c:374:14:m2m_validate_scan_options	24	static
../winc1500/driver/source/m2m_wifi.c:416:7:m2m_wifi_send_crl	40	static
../winc1500/driver/source/m2m_wifi.c:423:7:m2m_wifi_init_hold	16	static
../winc1500/driver/source/m2m_wifi.c:436:7:m2m_wifi_init_start	64	static
../winc1500/driver/source/m2m_wifi.c:492:7:m2m_wifi_init	24	static
../winc1500/driver/source/m2m_wifi.c:504:8:m2m_wifi_deinit	16	static
../winc1500/driver/source/m2m_wifi.c:514:6:m2m_wifi_yield	8	static
../winc1500/driver/source/m2m_wifi.c:519:7:m2m_wifi_handle_events	16	static
../winc1500/driver/source/m2m_wifi.c:524:7:m2m_wifi_delete_sc	72	static
../winc1500/driver/source/m2m_wifi.c:542:7:m2m_wifi_default_connect	24	static
../winc1500/driver/source/m2m_wifi.c:550:14:m2m_wifi_connect_prepare_msg	32	static
../winc1500/driver/source/m2m_wifi.c:620:7:m2m_wifi_connect_open	88	static
../winc1500/driver/source/m2m_wifi.c:638:7:m2m_wifi_connect_wep	24	static
../winc1500/driver/source/m2m_wifi.c:648:7:m2m_wifi_connect_psk	96	static
../winc1500/driver/source/m2m_wifi.c:712:7:m2m_wifi_1x_set_option	24	static
../winc1500/driver/source/m2m_wifi.c:790:7:m2m_wifi_1x_get_option	24	static
../winc1500/driver/source/m2m_wifi.c:836:7:m2m_wifi_connect_1x_mschap2	104	static
../winc1500/driver/source/m2m_wifi.c:914:7:m2m_wifi_connect_1x_tls	112	static
../winc1500/driver/source/m2m_wifi.c:1016:7:m2m_wifi_connect	32	static
../winc1500/driver/source/m2m_wifi.c:1021:7:m2m_wifi_connect_sc	96	static
../winc1500/driver/source/m2m_wifi.c:1089:7:m2m_wifi_disconnect	24	static
../winc1500/driver/source/m2m_wifi.c:1094:7:m2m_wifi_set_mac_address	40	static
../winc1500/driver/source/m2m_wifi.c:1102:7:m2m_wifi_set_static_ip	32	static
../winc1500/driver/source/m2m_wifi.c:1114:7:m2m_wifi_request_dhcp_client	4	static
../winc1500/driver/source/m2m_wifi.c:1120:7:m2m_wifi_request_dhcp_server	16	static
../winc1500/driver/source/m2m_wifi.c:1137:7:m2m_wifi_enable_dhcp	40	static
../winc1500/driver/source/m2m_wifi.c:1144:7:m2m_wifi_set_lsn_int	32	static
../winc1500/driver/source/m2m_wifi.c:1149:7:m2m_wifi_set_cust_InfoElement	40	static
../winc1500/driver/source/m2m_wifi.c:1162:7:m2m_wifi_set_scan_options	40	static
../winc1500/driver/source/m2m_wifi.c:1172:7:m2m_wifi_set_stop_scan_on_first	40	static
../winc1500/driver/source/m2m_wifi.c:1194:7:m2m_wifi_set_scan_region	40	static
../winc1500/driver/source/m2m_wifi.c:1202:7:m2m_wifi_request_scan	40	static
../winc1500/driver/source/m2m_wifi.c:1230:7:m2m_wifi_request_scan_passive	40	static
../winc1500/driver/source/m2m_wifi.c:1261:7:m2m_wifi_request_scan_ssid_list	48	static
../winc1500/driver/source/m2m_wifi.c:1300:7:m2m_wifi_wps	48	static
../winc1500/driver/source/m2m_wifi.c:1313:7:m2m_wifi_wps_disable	32	static
../winc1500/driver/source/m2m_wifi.c:1330:7:m2m_wifi_req_client_ctrl	24	static
../winc1500/driver/source/m2m_wifi.c:1353:7:m2m_wifi_req_server_init	24	static
../winc1500/driver/source/m2m_wifi.c:1366:7:m2m_wifi_p2p	40	static
../winc1500/driver/source/m2m_wifi.c:1383:7:m2m_wifi_p2p_disconnect	32	static
../winc1500/driver/source/m2m_wifi.c:1390:7:m2m_wifi_enable_ap	168	static
../winc1500/driver/source/m2m_wifi.c:1403:7:m2m_wifi_enable_ap_ext	40	static
../winc1500/driver/source/m2m_wifi.c:1413:7:m2m_wifi_set_gains	40	static
../winc1500/driver/source/m2m_wifi.c:1423:7:m2m_wifi_disable_ap	32	static
../winc1500/driver/source/m2m_wifi.c:1437:7:m2m_wifi_req_curr_rssi	32	static
../winc1500/driver/source/m2m_wifi.c:1443:7:m2m_wifi_send_ethernet_pkt	40	static
../winc1500/driver/source/m2m_wifi.c:1471:7:m2m_wifi_get_otp_mac_address	24	static
../winc1500/driver/source/m2m_wifi.c:1496:7:m2m_wifi_get_mac_address	24	static
../winc1500/driver/source/m2m_wifi.c:1527:7:m2m_wifi_req_scan_result	40	static
../winc1500/driver/source/m2m_wifi.c:1548:7:m2m_wifi_get_num_ap_found	4	static
../winc1500/driver/source/m2m_wifi.c:1559:7:m2m_wifi_get_sleep_mode	8	static
../winc1500/driver/source/m2m_wifi.c:1578:7:m2m_wifi_set_sleep_mode	40	static
../winc1500/driver/source/m2m_wifi.c:1599:7:m2m_wifi_request_sleep	40	static
../winc1500/driver/source/m2m_wifi.c:1623:7:m2m_wifi_set_device_name	80	static
../winc1500/driver/source/m2m_wifi.c:1649:7:m2m_wifi_configure_sntp	72	static
../winc1500/driver/source/m2m_wifi.c:1663:7:m2m_wifi_get_firmware_version	24	static
../winc1500/driver/source/m2m_wifi.c:1675:7:m2m_wifi_start_provision_mode	176	static
../winc1500/driver/source/m2m_wifi.c:1688:7:m2m_wifi_start_provision_mode_ext	264	static
../winc1500/driver/source/m2m_wifi.c:1722:7:m2m_wifi_stop_provision_mode	24	static
../winc1500/driver/source/m2m_wifi.c:1727:7:m2m_wifi_get_connection_info	24	static
../winc1500/driver/source/m2m_wifi.c:1732:7:m2m_wifi_set_system_time	32	static
../winc1500/driver/source/m2m_wifi.c:1747:7:m2m_wifi_get_system_time	24	static
../winc1500/driver/source/m2m_wifi.c:1752:7:m2m_wifi_enable_sntp	40	static
../winc1500/driver/source/m2m_wifi.c:1770:7:m2m_wifi_set_power_profile	40	static
../winc1500/driver/source/m2m_wifi.c:1789:7:m2m_wifi_set_tx_power	40	static
../winc1500/driver/source/m2m_wifi.c:1808:7:m2m_wifi_set_gain_table_idx	40	static
../winc1500/driver/source/m2m_wifi.c:1828:7:m2m_wifi_enable_firmware_logs	40	static
../winc1500/driver/source/m2m_wifi.c:1848:7:m2m_wifi_set_battery_voltage	40	static
../winc1500/driver/source/m2m_wifi.c:1866:7:m2m_wifi_prng_get_random_bytes	48	static
../winc1500/driver/source/m2m_wifi.c:1903:15:m2m_wifi_conf_auto_rate	40	static
../winc1500/driver/source/m2m_wifi.c:1975:7:m2m_wifi_reinit	24	static
../winc1500/driver/source/m2m_wifi.c:1984:7:m2m_wifi_reinit_hold	8	static
../winc1500/driver/source/m2m_wifi.c:1990:7:m2m_wifi_reinit_start	16	static
../winc1500/driver/source/m2m_wifi.c:1995:7:m2m_wifi_get_state	4	static
../winc1500/driver/source/m2m_wifi.c:2000:7:m2m_wifi_enable_roaming	40	static
../winc1500/driver/source/m2m_wifi.c:2016:7:m2m_wifi_disable_roaming	32	static
../winc1500/driver/source/m2m_wifi.c:2023:7:m2m_wifi_enable_XO_during_sleep	40	static
