../winc1500/driver/source/nmasic.c:58:7:chip_apply_conf	32	static
../winc1500/driver/source/nmasic.c:101:6:chip_idle	16	static
../winc1500/driver/source/nmasic.c:112:7:enable_interrupts	16	static
../winc1500/driver/source/nmasic.c:139:7:cpu_start	16	static
../winc1500/driver/source/nmasic.c:166:8:nmi_get_chipid	16	static
../winc1500/driver/source/nmasic.c:229:8:nmi_get_rfrevid	16	static
../winc1500/driver/source/nmasic.c:239:6:restore_pmu_settings_after_global_reset	8	static
../winc1500/driver/source/nmasic.c:251:6:nmi_update_pll	16	static
../winc1500/driver/source/nmasic.c:262:6:nmi_set_sys_clk_src_to_xo	16	static
../winc1500/driver/source/nmasic.c:274:7:chip_sleep	16	static
../winc1500/driver/source/nmasic.c:308:7:chip_wake	24	static
../winc1500/driver/source/nmasic.c:358:7:cpu_halt	16	static
../winc1500/driver/source/nmasic.c:373:7:chip_reset_and_cpu_halt	16	static
../winc1500/driver/source/nmasic.c:388:7:chip_reset	16	static
../winc1500/driver/source/nmasic.c:396:7:wait_for_bootrom	40	static
../winc1500/driver/source/nmasic.c:467:7:wait_for_firmware_start	40	static
../winc1500/driver/source/nmasic.c:503:7:chip_deinit	16	static
../winc1500/driver/source/nmasic.c:606:7:nmi_get_otp_mac_address	40	static
../winc1500/driver/source/nmasic.c:638:7:nmi_get_mac_address	40	static
