../Core/Src/main.c:80:5:main	8	static
../Core/Src/main.c:176:6:SystemClock_Config	120	static
../Core/Src/main.c:235:13:MX_ICACHE_Init	8	static
../Core/Src/main.c:267:13:MX_SPI1_Init	8	static
../Core/Src/main.c:315:13:MX_SPI2_Init	8	static
../Core/Src/main.c:363:13:MX_USART2_UART_Init	8	static
../Core/Src/main.c:411:13:MX_GPIO_Init	40	static
../Core/Src/main.c:490:6:HAL_TIM_PeriodElapsedCallback	16	static
../Core/Src/main.c:509:6:BSP_PB_Callback	16	static
../Core/Src/main.c:521:6:Error_Handler	4	static,ignoring_inline_asm
