../Core/Src/main.c:85:5:main	8	static
../Core/Src/main.c:186:6:SystemClock_Config	120	static
../Core/Src/main.c:245:13:MX_ICACHE_Init	8	static
../Core/Src/main.c:277:13:MX_SPI1_Init	8	static
../Core/Src/main.c:325:13:MX_SPI2_Init	8	static
../Core/Src/main.c:373:13:MX_USART2_UART_Init	8	static
../Core/Src/main.c:421:13:MX_GPIO_Init	40	static
../Core/Src/main.c:506:6:HAL_TIM_PeriodElapsedCallback	16	static
../Core/Src/main.c:525:6:BSP_PB_Callback	16	static
../Core/Src/main.c:537:6:Error_Handler	4	static,ignoring_inline_asm
