../Core/Src/stm32h5xx_it.c:72:6:NMI_Handler	4	static
../Core/Src/stm32h5xx_it.c:87:6:HardFault_Handler	24	static,ignoring_inline_asm
../Core/Src/stm32h5xx_it.c:113:6:MemManage_Handler	4	static
../Core/Src/stm32h5xx_it.c:128:6:BusFault_Handler	4	static
../Core/Src/stm32h5xx_it.c:143:6:UsageFault_Handler	4	static
../Core/Src/stm32h5xx_it.c:158:6:DebugMon_Handler	4	static
../Core/Src/stm32h5xx_it.c:178:6:EXTI13_IRQHandler	8	static
../Core/Src/stm32h5xx_it.c:192:6:TIM1_UP_IRQHandler	8	static
