../winc1500/socket/source/socket.c:143:14:Socket_ReadSocketData	40	static
../winc1500/socket/source/socket.c:201:13:m2m_ip_cb	248	static
../winc1500/socket/source/socket.c:438:6:socketInit	8	static
../winc1500/socket/source/socket.c:467:6:socketDeinit	8	static
../winc1500/socket/source/socket.c:493:6:registerSocketCallback	16	static
../winc1500/socket/source/socket.c:519:8:socket	56	static
../winc1500/socket/source/socket.c:609:7:bind	48	static
../winc1500/socket/source/socket.c:655:7:listen	40	static
../winc1500/socket/source/socket.c:693:7:accept	32	static
../winc1500/socket/source/socket.c:722:7:connect	48	static
../winc1500/socket/source/socket.c:765:7:secure	48	static
../winc1500/socket/source/socket.c:809:8:send	64	static
../winc1500/socket/source/socket.c:864:8:sendto	64	static
../winc1500/socket/source/socket.c:919:8:recv	56	static
../winc1500/socket/source/socket.c:979:7:close	40	static
../winc1500/socket/source/socket.c:1022:8:recvfrom	56	static
../winc1500/socket/source/socket.c:1080:8:nmi_inet_addr	32	static
../winc1500/socket/source/socket.c:1137:7:gethostbyname	40	static
../winc1500/socket/source/socket.c:1166:14:sslSetSockOpt	112	static
../winc1500/socket/source/socket.c:1255:7:setsockopt	48	static
../winc1500/socket/source/socket.c:1305:7:getsockopt	16	static
../winc1500/socket/source/socket.c:1329:7:m2m_ping_req	56	static
../winc1500/socket/source/socket.c:1359:7:set_alpn_list	72	static
../winc1500/socket/source/socket.c:1417:7:get_alpn_index	16	static
../winc1500/socket/source/socket.c:1444:7:sslEnableCertExpirationCheck	40	static
../winc1500/socket/source/socket.c:1469:7:IsSocketReady	4	static
../winc1500/socket/source/socket.c:1487:7:get_error_detail	16	static
